Archive member included because of file (symbol)

C:\Users\aybasha\Downloads\DigitalSixthSenseUpdate\SoftConsole\audio_mss_MSS_CM3_0\audio_mss_MSS_CM3_0_hw_platform\Debug\libaudio_mss_MSS_CM3_0_hw_platform.a(mss_uart.o)
                              ./tfmini.o (g_mss_uart1)
C:\Users\aybasha\Downloads\DigitalSixthSenseUpdate\SoftConsole\audio_mss_MSS_CM3_0\audio_mss_MSS_CM3_0_hw_platform\Debug\libaudio_mss_MSS_CM3_0_hw_platform.a(mss_i2c.o)
                              ./main.o (g_mss_i2c1)
C:\Users\aybasha\Downloads\DigitalSixthSenseUpdate\SoftConsole\audio_mss_MSS_CM3_0\audio_mss_MSS_CM3_0_hw_platform\Debug\libaudio_mss_MSS_CM3_0_hw_platform.a(mss_gpio.o)
                              ./main.o (MSS_GPIO_init)
C:\Users\aybasha\Downloads\DigitalSixthSenseUpdate\SoftConsole\audio_mss_MSS_CM3_0\audio_mss_MSS_CM3_0_hw_platform\Debug\libaudio_mss_MSS_CM3_0_hw_platform.a(mss_ace.o)
                              ./main.o (ACE_init)
C:\Users\aybasha\Downloads\DigitalSixthSenseUpdate\SoftConsole\audio_mss_MSS_CM3_0\audio_mss_MSS_CM3_0_hw_platform\Debug\libaudio_mss_MSS_CM3_0_hw_platform.a(core_cm3.o)
                              C:\Users\aybasha\Downloads\DigitalSixthSenseUpdate\SoftConsole\audio_mss_MSS_CM3_0\audio_mss_MSS_CM3_0_hw_platform\Debug\libaudio_mss_MSS_CM3_0_hw_platform.a(mss_i2c.o) (__get_PRIMASK)
C:\Users\aybasha\Downloads\DigitalSixthSenseUpdate\SoftConsole\audio_mss_MSS_CM3_0\audio_mss_MSS_CM3_0_hw_platform\Debug\libaudio_mss_MSS_CM3_0_hw_platform.a(system_a2fxxxm3.o)
                              C:\Users\aybasha\Downloads\DigitalSixthSenseUpdate\SoftConsole\audio_mss_MSS_CM3_0\audio_mss_MSS_CM3_0_hw_platform\Debug\libaudio_mss_MSS_CM3_0_hw_platform.a(mss_uart.o) (g_FrequencyPCLK0)
C:\Users\aybasha\Downloads\DigitalSixthSenseUpdate\SoftConsole\audio_mss_MSS_CM3_0\audio_mss_MSS_CM3_0_hw_platform\Debug\libaudio_mss_MSS_CM3_0_hw_platform.a(ace_config.o)
                              C:\Users\aybasha\Downloads\DigitalSixthSenseUpdate\SoftConsole\audio_mss_MSS_CM3_0\audio_mss_MSS_CM3_0_hw_platform\Debug\libaudio_mss_MSS_CM3_0_hw_platform.a(mss_ace.o) (g_ace_channel_desc_table)
C:\Users\aybasha\Downloads\DigitalSixthSenseUpdate\SoftConsole\audio_mss_MSS_CM3_0\audio_mss_MSS_CM3_0_hw_platform\Debug\libaudio_mss_MSS_CM3_0_hw_platform.a(ace_convert.o)
                              C:\Users\aybasha\Downloads\DigitalSixthSenseUpdate\SoftConsole\audio_mss_MSS_CM3_0\audio_mss_MSS_CM3_0_hw_platform\Debug\libaudio_mss_MSS_CM3_0_hw_platform.a(mss_ace.o) (ace_init_convert)
C:\Users\aybasha\Downloads\DigitalSixthSenseUpdate\SoftConsole\audio_mss_MSS_CM3_0\audio_mss_MSS_CM3_0_hw_platform\Debug\libaudio_mss_MSS_CM3_0_hw_platform.a(ace_flags.o)
                              C:\Users\aybasha\Downloads\DigitalSixthSenseUpdate\SoftConsole\audio_mss_MSS_CM3_0\audio_mss_MSS_CM3_0_hw_platform\Debug\libaudio_mss_MSS_CM3_0_hw_platform.a(mss_ace.o) (ace_init_flags)
c:/microsemi/softconsole v3.3/sourcery-g++/bin/../lib/gcc/arm-none-eabi/4.4.1/thumb2\libgcc.a(_arm_addsubdf3.o)
                              ./tfmini.o (__aeabi_dsub)
c:/microsemi/softconsole v3.3/sourcery-g++/bin/../lib/gcc/arm-none-eabi/4.4.1/thumb2\libgcc.a(_arm_muldivdf3.o)
                              ./tfmini.o (__aeabi_dmul)
c:/microsemi/softconsole v3.3/sourcery-g++/bin/../lib/gcc/arm-none-eabi/4.4.1/thumb2\libgcc.a(_arm_cmpdf2.o)
                              ./main.o (__aeabi_dcmplt)
c:/microsemi/softconsole v3.3/sourcery-g++/bin/../lib/gcc/arm-none-eabi/4.4.1/../../../../arm-none-eabi/lib/thumb2\libc.a(lib_a-errno.o)
                              C:/Users/aybasha/Downloads/DigitalSixthSenseUpdate/SoftConsole/audio_mss_MSS_CM3_0/audio_mss_MSS_CM3_0_hw_platform/Debug/CMSIS/startup_gcc/newlib_stubs.o (__errno)
c:/microsemi/softconsole v3.3/sourcery-g++/bin/../lib/gcc/arm-none-eabi/4.4.1/../../../../arm-none-eabi/lib/thumb2\libc.a(lib_a-impure.o)
                              c:/microsemi/softconsole v3.3/sourcery-g++/bin/../lib/gcc/arm-none-eabi/4.4.1/../../../../arm-none-eabi/lib/thumb2\libc.a(lib_a-errno.o) (_impure_ptr)
c:/microsemi/softconsole v3.3/sourcery-g++/bin/../lib/gcc/arm-none-eabi/4.4.1/../../../../arm-none-eabi/lib/thumb2\libc.a(lib_a-init.o)
                              C:/Users/aybasha/Downloads/DigitalSixthSenseUpdate/SoftConsole/audio_mss_MSS_CM3_0/audio_mss_MSS_CM3_0_hw_platform/Debug/CMSIS/startup_gcc/startup_a2fxxxm3.o (__libc_init_array)
c:/microsemi/softconsole v3.3/sourcery-g++/bin/../lib/gcc/arm-none-eabi/4.4.1/../../../../arm-none-eabi/lib/thumb2\libc.a(lib_a-memset.o)
                              C:\Users\aybasha\Downloads\DigitalSixthSenseUpdate\SoftConsole\audio_mss_MSS_CM3_0\audio_mss_MSS_CM3_0_hw_platform\Debug\libaudio_mss_MSS_CM3_0_hw_platform.a(mss_i2c.o) (memset)
c:/microsemi/softconsole v3.3/sourcery-g++/bin/../lib/gcc/arm-none-eabi/4.4.1/../../../../arm-none-eabi/lib/thumb2\libc.a(lib_a-strncmp.o)
[...]
Memory Configuration

Name             Origin             Length             Attributes
rom              0x60000000         0x00040000         xr
romMirror        0x00000000         0x00040000         xr
ram              0x20000000         0x00010000         xrw
*default*        0x00000000         0xffffffff

Linker script and memory map

LOAD c:/microsemi/softconsole v3.3/sourcery-g++/bin/../lib/gcc/arm-none-eabi/4.4.1/thumb2/crti.o
LOAD c:/microsemi/softconsole v3.3/sourcery-g++/bin/../lib/gcc/arm-none-eabi/4.4.1/thumb2/crtbegin.o
LOAD ./main.o
LOAD ./motor_control.o
LOAD ./tfmini.o
LOAD C:/Users/aybasha/Downloads/DigitalSixthSenseUpdate/SoftConsole/audio_mss_MSS_CM3_0/audio_mss_MSS_CM3_0_hw_platform/Debug/CMSIS/startup_gcc/startup_a2fxxxm3.o
LOAD C:/Users/aybasha/Downloads/DigitalSixthSenseUpdate/SoftConsole/audio_mss_MSS_CM3_0/audio_mss_MSS_CM3_0_hw_platform/Debug/CMSIS/startup_gcc/newlib_stubs.o
LOAD C:\Users\aybasha\Downloads\DigitalSixthSenseUpdate\SoftConsole\audio_mss_MSS_CM3_0\audio_mss_MSS_CM3_0_hw_platform\Debug\libaudio_mss_MSS_CM3_0_hw_platform.a
START GROUP
LOAD c:/microsemi/softconsole v3.3/sourcery-g++/bin/../lib/gcc/arm-none-eabi/4.4.1/thumb2\libgcc.a
LOAD c:/microsemi/softconsole v3.3/sourcery-g++/bin/../lib/gcc/arm-none-eabi/4.4.1/../../../../arm-none-eabi/lib/thumb2\libc.a
END GROUP
LOAD c:/microsemi/softconsole v3.3/sourcery-g++/bin/../lib/gcc/arm-none-eabi/4.4.1/thumb2/crtend.o
LOAD c:/microsemi/softconsole v3.3/sourcery-g++/bin/../lib/gcc/arm-none-eabi/4.4.1/thumb2/crtn.o
START GROUP
LOAD c:/microsemi/softconsole v3.3/sourcery-g++/bin/../lib/gcc/arm-none-eabi/4.4.1/../../../../arm-none-eabi/lib/thumb2\libc.a
LOAD c:/microsemi/softconsole v3.3/sourcery-g++/bin/../lib/gcc/arm-none-eabi/4.4.1/thumb2\libgcc.a
LOAD c:/microsemi/softconsole v3.3/sourcery-g++/bin/../lib/gcc/arm-none-eabi/4.4.1/../../../../arm-none-eabi/lib/thumb2\libm.a
END GROUP
                0x00000000                __DYNAMIC = 0x0
                0x20000000                RAM_START_ADDRESS = 0x20000000
                0x00010000                RAM_SIZE = 0x10000
                0x00002000                MAIN_STACK_SIZE = 0x2000
                0x00001000                PROCESS_STACK_SIZE = 0x1000
                0x20010000                PROVIDE (__main_stack_start, (RAM_START_ADDRESS + RAM_SIZE))
                0x2000e000                PROVIDE (__process_stack_start, (__main_stack_start - MAIN_STACK_SIZE))
                0x20010000                PROVIDE (_estack, __main_stack_start)
                0x00000001                PROVIDE (__mirrored_nvm, 0x1)

.init           0x00000000      0x470 load address 0x60000000
                0x00000000                __vector_table_vma_base_address = .
 *(.isr_vector)
 .isr_vector    0x00000000      0x470 C:/Users/aybasha/Downloads/DigitalSixthSenseUpdate/SoftConsole/audio_mss_MSS_CM3_0/audio_mss_MSS_CM3_0_hw_platform/Debug/CMSIS/startup_gcc/startup_a2fxxxm3.o
                0x00000000                g_pfnVectors
                0x00000298                Reset_Handler
                0x00000308                NMI_Handler
                0x0000030a                HardFault_Handler
                0x0000030c                MemManage_Handler
                0x0000030e                BusFault_Handler
                0x00000310                UsageFault_Handler
                0x00000312                SVC_Handler
                0x00000314                DebugMon_Handler
                0x00000316                PendSV_Handler
                0x00000318                SysTick_Handler
                0x0000031a                WdogWakeup_IRQHandler
                0x0000031c                BrownOut_1_5V_IRQHandler
                0x0000031e                BrownOut_3_3V_IRQHandler
                0x00000320                RTC_Match_IRQHandler
                0x00000322                RTCIF_Pub_IRQHandler
                0x00000324                EthernetMAC_IRQHandler
                0x00000326                IAP_IRQHandler
                0x00000328                ENVM0_IRQHandler
                0x0000032a                ENVM1_IRQHandler
                0x0000032c                DMA_IRQHandler
                0x00000332                SPI0_IRQHandler
                0x00000334                SPI1_IRQHandler
                0x00000338                I2C0_SMBAlert_IRQHandler
                0x0000033a                I2C0_SMBus_IRQHandler
                0x0000033e                I2C1_SMBAlert_IRQHandler
                0x00000340                I2C1_SMBus_IRQHandler
                0x00000342                Timer1_IRQHandler
                0x00000344                Timer2_IRQHandler
                0x00000346                PLL_Lock_IRQHandler
                0x00000348                PLL_LockLost_IRQHandler
                0x0000034a                CommError_IRQHandler
                0x0000034c                Fabric_IRQHandler
                0x0000034e                GPIO0_IRQHandler
                0x00000352                GPIO2_IRQHandler
                0x00000354                GPIO3_IRQHandler
                0x00000356                GPIO4_IRQHandler
                0x00000358                GPIO5_IRQHandler
                0x0000035a                GPIO6_IRQHandler
                0x0000035c                GPIO7_IRQHandler
                0x0000035e                GPIO8_IRQHandler
                0x00000360                GPIO9_IRQHandler
                0x00000362                GPIO10_IRQHandler
                0x00000364                GPIO11_IRQHandler
                0x00000366                GPIO12_IRQHandler
                0x00000368                GPIO13_IRQHandler
                0x0000036a                GPIO14_IRQHandler
                0x0000036c                GPIO15_IRQHandler
                0x0000036e                GPIO16_IRQHandler
                0x00000370                GPIO17_IRQHandler
                0x00000372                GPIO18_IRQHandler
                0x00000374                GPIO19_IRQHandler
                0x00000376                GPIO20_IRQHandler
                0x00000378                GPIO21_IRQHandler
                0x0000037a                GPIO22_IRQHandler
                0x0000037c                GPIO23_IRQHandler
                0x0000037e                GPIO24_IRQHandler
                0x00000380                GPIO25_IRQHandler
                0x00000382                GPIO26_IRQHandler
                0x00000384                GPIO27_IRQHandler
                0x00000386                GPIO28_IRQHandler
                0x00000388                GPIO29_IRQHandler
                0x0000038a                GPIO30_IRQHandler
                0x0000038c                GPIO31_IRQHandler
                0x0000038e                ACE_PC0_Flag0_IRQHandler
                0x00000390                ACE_PC0_Flag1_IRQHandler
                0x00000392                ACE_PC0_Flag2_IRQHandler
                0x00000394                ACE_PC0_Flag3_IRQHandler
                0x00000396                ACE_PC1_Flag0_IRQHandler
                0x00000398                ACE_PC1_Flag1_IRQHandler
                0x0000039a                ACE_PC1_Flag2_IRQHandler
                0x0000039c                ACE_PC1_Flag3_IRQHandler
                0x0000039e                ACE_PC2_Flag0_IRQHandler
                0x000003a0                ACE_PC2_Flag1_IRQHandler
                0x000003a2                ACE_PC2_Flag2_IRQHandler
                0x000003a4                ACE_PC2_Flag3_IRQHandler
                0x000003a6                ACE_ADC0_DataValid_IRQHandler
                0x000003a8                ACE_ADC1_DataValid_IRQHandler
                0x000003aa                ACE_ADC2_DataValid_IRQHandler
                0x000003ac                ACE_ADC0_CalDone_IRQHandler
                0x000003ae                ACE_ADC1_CalDone_IRQHandler
                0x000003b0                ACE_ADC2_CalDone_IRQHandler
                0x000003b2                ACE_ADC0_CalStart_IRQHandler
                0x000003b4                ACE_ADC1_CalStart_IRQHandler
                0x000003b6                ACE_ADC2_CalStart_IRQHandler
                0x000003b8                ACE_Comp0_Fall_IRQHandler
                0x000003ba                ACE_Comp1_Fall_IRQHandler
                0x000003bc                ACE_Comp2_Fall_IRQHandler
                0x000003be                ACE_Comp3_Fall_IRQHandler
                0x000003c0                ACE_Comp4_Fall_IRQHandler
                0x000003c2                ACE_Comp5_Fall_IRQHandler
                0x000003c4                ACE_Comp6_Fall_IRQHandler
                0x000003c6                ACE_Comp7_Fall_IRQHandler
                0x000003c8                ACE_Comp8_Fall_IRQHandler
                0x000003ca                ACE_Comp9_Fall_IRQHandler
                0x000003cc                ACE_Comp10_Fall_IRQHandler
                0x000003ce                ACE_Comp11_Fall_IRQHandler
                0x000003d0                ACE_Comp0_Rise_IRQHandler
                0x000003d2                ACE_Comp1_Rise_IRQHandler
                0x000003d4                ACE_Comp2_Rise_IRQHandler
                0x000003d6                ACE_Comp3_Rise_IRQHandler
                0x000003d8                ACE_Comp4_Rise_IRQHandler
                0x000003da                ACE_Comp5_Rise_IRQHandler
                0x000003dc                ACE_Comp6_Rise_IRQHandler
                0x000003de                ACE_Comp7_Rise_IRQHandler
                0x000003e0                ACE_Comp8_Rise_IRQHandler
                0x000003e2                ACE_Comp9_Rise_IRQHandler
                0x000003e4                ACE_Comp10_Rise_IRQHandler
                0x000003e6                ACE_Comp11_Rise_IRQHandler
                0x000003e8                ACE_ADC0_FifoFull_IRQHandler
                0x000003ea                ACE_ADC0_FifoAFull_IRQHandler
                0x000003ec                ACE_ADC0_FifoEmpty_IRQHandler
                0x000003ee                ACE_ADC1_FifoFull_IRQHandler
                0x000003f0                ACE_ADC1_FifoAFull_IRQHandler
                0x000003f2                ACE_ADC1_FifoEmpty_IRQHandler
                0x000003f4                ACE_ADC2_FifoFull_IRQHandler
                0x000003f6                ACE_ADC2_FifoAFull_IRQHandler
                0x000003f8                ACE_ADC2_FifoEmpty_IRQHandler
                0x00000470                . = ALIGN (0x4)

.text           0x00000470     0x39e0 load address 0x60000470
 CREATE_OBJECT_SYMBOLS
                0x60000470                __text_load = LOADADDR (.text)
                0x00000470                __text_start = .
 *(.text .text.* .gnu.linkonce.t.*)
 .text          0x00000470       0x30 c:/microsemi/softconsole v3.3/sourcery-g++/bin/../lib/gcc/arm-none-eabi/4.4.1/thumb2/crtbegin.o
 .text.logcalculator
                0x000004a0       0x44 ./main.o
                0x000004a0                logcalculator
 .text.main     0x000004e4      0x2fc ./main.o
                0x000004e4                main
 .text.GPIO1_IRQHandler
                0x000007e0       0xb0 ./main.o
                0x000007e0                GPIO1_IRQHandler
 .text.readRegister8
                0x00000890       0x84 ./motor_control.o
                0x00000890                readRegister8
 .text.writeRegister8
                0x00000914       0x54 ./motor_control.o
                0x00000914                writeRegister8
 .text.tcaselect
                0x00000968       0x48 ./motor_control.o
                0x00000968                tcaselect
 .text.init     0x000009b0       0xb4 ./motor_control.o
                0x000009b0                init
 .text.setWaveform
                0x00000a64       0x28 ./motor_control.o
                0x00000a64                setWaveform
 .text.selectLibrary
                0x00000a8c       0x20 ./motor_control.o
                0x00000a8c                selectLibrary
 .text.go       0x00000aac       0x14 ./motor_control.o
                0x00000aac                go
 .text.setMode  0x00000ac0       0x20 ./motor_control.o
                0x00000ac0                setMode
 .text.measure  0x00000ae0       0xf0 ./tfmini.o
                0x00000ae0                measure
 .text.NVIC_ClearPendingIRQ
                0x00000bd0       0x3c C:\Users\aybasha\Downloads\DigitalSixthSenseUpdate\SoftConsole\audio_mss_MSS_CM3_0\audio_mss_MSS_CM3_0_hw_platform\Debug\libaudio_mss_MSS_CM3_0_hw_platform.a(mss_uart.o)
 .text.MSS_UART_init
                0x00000c0c      0x204 C:\Users\aybasha\Downloads\DigitalSixthSenseUpdate\SoftConsole\audio_mss_MSS_CM3_0\audio_mss_MSS_CM3_0_hw_platform\Debug\libaudio_mss_MSS_CM3_0_hw_platform.a(mss_uart.o)
                0x00000c0c                MSS_UART_init
 .text.MSS_UART_polled_tx
                0x00000e10       0xe4 C:\Users\aybasha\Downloads\DigitalSixthSenseUpdate\SoftConsole\audio_mss_MSS_CM3_0\audio_mss_MSS_CM3_0_hw_platform\Debug\libaudio_mss_MSS_CM3_0_hw_platform.a(mss_uart.o)
                0x00000e10                MSS_UART_polled_tx
 .text.MSS_UART_get_rx
                0x00000ef4       0xdc C:\Users\aybasha\Downloads\DigitalSixthSenseUpdate\SoftConsole\audio_mss_MSS_CM3_0\audio_mss_MSS_CM3_0_hw_platform\Debug\libaudio_mss_MSS_CM3_0_hw_platform.a(mss_uart.o)
                0x00000ef4                MSS_UART_get_rx
 .text.MSS_UART_isr
                0x00000fd0      0x11c C:\Users\aybasha\Downloads\DigitalSixthSenseUpdate\SoftConsole\audio_mss_MSS_CM3_0\audio_mss_MSS_CM3_0_hw_platform\Debug\libaudio_mss_MSS_CM3_0_hw_platform.a(mss_uart.o)
 .text.default_tx_handler
                0x000010ec      0x108 C:\Users\aybasha\Downloads\DigitalSixthSenseUpdate\SoftConsole\audio_mss_MSS_CM3_0\audio_mss_MSS_CM3_0_hw_platform\Debug\libaudio_mss_MSS_CM3_0_hw_platform.a(mss_uart.o)
 .text.UART0_IRQHandler
                0x000011f4       0x2c C:\Users\aybasha\Downloads\DigitalSixthSenseUpdate\SoftConsole\audio_mss_MSS_CM3_0\audio_mss_MSS_CM3_0_hw_platform\Debug\libaudio_mss_MSS_CM3_0_hw_platform.a(mss_uart.o)
                0x000011f4                UART0_IRQHandler
 .text.UART1_IRQHandler
                0x00001220       0x2c C:\Users\aybasha\Downloads\DigitalSixthSenseUpdate\SoftConsole\audio_mss_MSS_CM3_0\audio_mss_MSS_CM3_0_hw_platform\Debug\libaudio_mss_MSS_CM3_0_hw_platform.a(mss_uart.o)
                0x00001220                UART1_IRQHandler
 .text.NVIC_EnableIRQ
                0x0000124c       0x38 C:\Users\aybasha\Downloads\DigitalSixthSenseUpdate\SoftConsole\audio_mss_MSS_CM3_0\audio_mss_MSS_CM3_0_hw_platform\Debug\libaudio_mss_MSS_CM3_0_hw_platform.a(mss_i2c.o)
 .text.NVIC_DisableIRQ
                0x00001284       0x3c C:\Users\aybasha\Downloads\DigitalSixthSenseUpdate\SoftConsole\audio_mss_MSS_CM3_0\audio_mss_MSS_CM3_0_hw_platform\Debug\libaudio_mss_MSS_CM3_0_hw_platform.a(mss_i2c.o)
 .text.NVIC_ClearPendingIRQ
                0x000012c0       0x3c C:\Users\aybasha\Downloads\DigitalSixthSenseUpdate\SoftConsole\audio_mss_MSS_CM3_0\audio_mss_MSS_CM3_0_hw_platform\Debug\libaudio_mss_MSS_CM3_0_hw_platform.a(mss_i2c.o)
 .text.MSS_I2C_init
                0x000012fc      0x16c C:\Users\aybasha\Downloads\DigitalSixthSenseUpdate\SoftConsole\audio_mss_MSS_CM3_0\audio_mss_MSS_CM3_0_hw_platform\Debug\libaudio_mss_MSS_CM3_0_hw_platform.a(mss_i2c.o)
                0x000012fc                MSS_I2C_init
 .text.MSS_I2C_write
                0x00001468       0xf4 C:\Users\aybasha\Downloads\DigitalSixthSenseUpdate\SoftConsole\audio_mss_MSS_CM3_0\audio_mss_MSS_CM3_0_hw_platform\Debug\libaudio_mss_MSS_CM3_0_hw_platform.a(mss_i2c.o)
                0x00001468                MSS_I2C_write
 .text.MSS_I2C_read
                0x0000155c       0xf4 C:\Users\aybasha\Downloads\DigitalSixthSenseUpdate\SoftConsole\audio_mss_MSS_CM3_0\audio_mss_MSS_CM3_0_hw_platform\Debug\libaudio_mss_MSS_CM3_0_hw_platform.a(mss_i2c.o)
                0x0000155c                MSS_I2C_read
 .text.MSS_I2C_wait_complete
                0x00001650       0x4c C:\Users\aybasha\Downloads\DigitalSixthSenseUpdate\SoftConsole\audio_mss_MSS_CM3_0\audio_mss_MSS_CM3_0_hw_platform\Debug\libaudio_mss_MSS_CM3_0_hw_platform.a(mss_i2c.o)
                0x00001650                MSS_I2C_wait_complete
 .text.enable_slave_if_required
                0x0000169c       0x28 C:\Users\aybasha\Downloads\DigitalSixthSenseUpdate\SoftConsole\audio_mss_MSS_CM3_0\audio_mss_MSS_CM3_0_hw_platform\Debug\libaudio_mss_MSS_CM3_0_hw_platform.a(mss_i2c.o)
 .text.mss_i2c_isr
                0x000016c4      0x8f4 C:\Users\aybasha\Downloads\DigitalSixthSenseUpdate\SoftConsole\audio_mss_MSS_CM3_0\audio_mss_MSS_CM3_0_hw_platform\Debug\libaudio_mss_MSS_CM3_0_hw_platform.a(mss_i2c.o)
 .text.disable_interrupts
                0x00001fb8       0x24 C:\Users\aybasha\Downloads\DigitalSixthSenseUpdate\SoftConsole\audio_mss_MSS_CM3_0\audio_mss_MSS_CM3_0_hw_platform\Debug\libaudio_mss_MSS_CM3_0_hw_platform.a(mss_i2c.o)
 .text.restore_interrupts
                0x00001fdc       0x18 C:\Users\aybasha\Downloads\DigitalSixthSenseUpdate\SoftConsole\audio_mss_MSS_CM3_0\audio_mss_MSS_CM3_0_hw_platform\Debug\libaudio_mss_MSS_CM3_0_hw_platform.a(mss_i2c.o)
 .text.I2C0_IRQHandler
                0x00001ff4       0x2c C:\Users\aybasha\Downloads\DigitalSixthSenseUpdate\SoftConsole\audio_mss_MSS_CM3_0\audio_mss_MSS_CM3_0_hw_platform\Debug\libaudio_mss_MSS_CM3_0_hw_platform.a(mss_i2c.o)
                0x00001ff4                I2C0_IRQHandler
 .text.I2C1_IRQHandler
                0x00002020       0x2c C:\Users\aybasha\Downloads\DigitalSixthSenseUpdate\SoftConsole\audio_mss_MSS_CM3_0\audio_mss_MSS_CM3_0_hw_platform\Debug\libaudio_mss_MSS_CM3_0_hw_platform.a(mss_i2c.o)
                0x00002020                I2C1_IRQHandler
 .text.NVIC_EnableIRQ
                0x0000204c       0x38 C:\Users\aybasha\Downloads\DigitalSixthSenseUpdate\SoftConsole\audio_mss_MSS_CM3_0\audio_mss_MSS_CM3_0_hw_platform\Debug\libaudio_mss_MSS_CM3_0_hw_platform.a(mss_gpio.o)
 .text.NVIC_ClearPendingIRQ
                0x00002084       0x3c C:\Users\aybasha\Downloads\DigitalSixthSenseUpdate\SoftConsole\audio_mss_MSS_CM3_0\audio_mss_MSS_CM3_0_hw_platform\Debug\libaudio_mss_MSS_CM3_0_hw_platform.a(mss_gpio.o)
 .text.MSS_GPIO_init
                0x000020c0       0x6c C:\Users\aybasha\Downloads\DigitalSixthSenseUpdate\SoftConsole\audio_mss_MSS_CM3_0\audio_mss_MSS_CM3_0_hw_platform\Debug\libaudio_mss_MSS_CM3_0_hw_platform.a(mss_gpio.o)
                0x000020c0                MSS_GPIO_init
 .text.MSS_GPIO_config
                0x0000212c       0x3c C:\Users\aybasha\Downloads\DigitalSixthSenseUpdate\SoftConsole\audio_mss_MSS_CM3_0\audio_mss_MSS_CM3_0_hw_platform\Debug\libaudio_mss_MSS_CM3_0_hw_platform.a(mss_gpio.o)
                0x0000212c                MSS_GPIO_config
 .text.MSS_GPIO_set_output
                0x00002168       0x40 C:\Users\aybasha\Downloads\DigitalSixthSenseUpdate\SoftConsole\audio_mss_MSS_CM3_0\audio_mss_MSS_CM3_0_hw_platform\Debug\libaudio_mss_MSS_CM3_0_hw_platform.a(mss_gpio.o)
                0x00002168                MSS_GPIO_set_output
 .text.MSS_GPIO_enable_irq
                0x000021a8       0x64 C:\Users\aybasha\Downloads\DigitalSixthSenseUpdate\SoftConsole\audio_mss_MSS_CM3_0\audio_mss_MSS_CM3_0_hw_platform\Debug\libaudio_mss_MSS_CM3_0_hw_platform.a(mss_gpio.o)
                0x000021a8                MSS_GPIO_enable_irq
 .text.MSS_GPIO_clear_irq
                0x0000220c       0x50 C:\Users\aybasha\Downloads\DigitalSixthSenseUpdate\SoftConsole\audio_mss_MSS_CM3_0\audio_mss_MSS_CM3_0_hw_platform\Debug\libaudio_mss_MSS_CM3_0_hw_platform.a(mss_gpio.o)
                0x0000220c                MSS_GPIO_clear_irq
 .text.ACE_init
                0x0000225c       0x10 C:\Users\aybasha\Downloads\DigitalSixthSenseUpdate\SoftConsole\audio_mss_MSS_CM3_0\audio_mss_MSS_CM3_0_hw_platform\Debug\libaudio_mss_MSS_CM3_0_hw_platform.a(mss_ace.o)
                0x0000225c                ACE_init
 .text.ACE_configure_sdd
                0x0000226c      0x1a0 C:\Users\aybasha\Downloads\DigitalSixthSenseUpdate\SoftConsole\audio_mss_MSS_CM3_0\audio_mss_MSS_CM3_0_hw_platform\Debug\libaudio_mss_MSS_CM3_0_hw_platform.a(mss_ace.o)
                0x0000226c                ACE_configure_sdd
 .text.ACE_enable_sdd
                0x0000240c       0x48 C:\Users\aybasha\Downloads\DigitalSixthSenseUpdate\SoftConsole\audio_mss_MSS_CM3_0\audio_mss_MSS_CM3_0_hw_platform\Debug\libaudio_mss_MSS_CM3_0_hw_platform.a(mss_ace.o)
                0x0000240c                ACE_enable_sdd
 .text.ACE_set_sdd_value
                0x00002454       0x4c C:\Users\aybasha\Downloads\DigitalSixthSenseUpdate\SoftConsole\audio_mss_MSS_CM3_0\audio_mss_MSS_CM3_0_hw_platform\Debug\libaudio_mss_MSS_CM3_0_hw_platform.a(mss_ace.o)
                0x00002454                ACE_set_sdd_value
 .text.__get_PRIMASK
                0x000024a0       0x20 C:\Users\aybasha\Downloads\DigitalSixthSenseUpdate\SoftConsole\audio_mss_MSS_CM3_0\audio_mss_MSS_CM3_0_hw_platform\Debug\libaudio_mss_MSS_CM3_0_hw_platform.a(core_cm3.o)
                0x000024a0                __get_PRIMASK
 .text.__set_PRIMASK
                0x000024c0       0x18 C:\Users\aybasha\Downloads\DigitalSixthSenseUpdate\SoftConsole\audio_mss_MSS_CM3_0\audio_mss_MSS_CM3_0_hw_platform\Debug\libaudio_mss_MSS_CM3_0_hw_platform.a(core_cm3.o)
                0x000024c0                __set_PRIMASK
 .text.SystemInit
                0x000024d8        0xc C:\Users\aybasha\Downloads\DigitalSixthSenseUpdate\SoftConsole\audio_mss_MSS_CM3_0\audio_mss_MSS_CM3_0_hw_platform\Debug\libaudio_mss_MSS_CM3_0_hw_platform.a(system_a2fxxxm3.o)
                0x000024d8                SystemInit
 .text.SystemCoreClockUpdate
                0x000024e4      0x150 C:\Users\aybasha\Downloads\DigitalSixthSenseUpdate\SoftConsole\audio_mss_MSS_CM3_0\audio_mss_MSS_CM3_0_hw_platform\Debug\libaudio_mss_MSS_CM3_0_hw_platform.a(system_a2fxxxm3.o)
                0x000024e4                SystemCoreClockUpdate
 .text.GetSystemClock
                0x00002634       0xe8 C:\Users\aybasha\Downloads\DigitalSixthSenseUpdate\SoftConsole\audio_mss_MSS_CM3_0\audio_mss_MSS_CM3_0_hw_platform\Debug\libaudio_mss_MSS_CM3_0_hw_platform.a(system_a2fxxxm3.o)
 .text.ace_init_convert
                0x0000271c      0x1b4 C:\Users\aybasha\Downloads\DigitalSixthSenseUpdate\SoftConsole\audio_mss_MSS_CM3_0\audio_mss_MSS_CM3_0_hw_platform\Debug\libaudio_mss_MSS_CM3_0_hw_platform.a(ace_convert.o)
                0x0000271c                ace_init_convert
 .text.NVIC_ClearPendingIRQ
                0x000028d0       0x3c C:\Users\aybasha\Downloads\DigitalSixthSenseUpdate\SoftConsole\audio_mss_MSS_CM3_0\audio_mss_MSS_CM3_0_hw_platform\Debug\libaudio_mss_MSS_CM3_0_hw_platform.a(ace_flags.o)
 .text.ace_init_flags
                0x0000290c        0xc C:\Users\aybasha\Downloads\DigitalSixthSenseUpdate\SoftConsole\audio_mss_MSS_CM3_0\audio_mss_MSS_CM3_0_hw_platform\Debug\libaudio_mss_MSS_CM3_0_hw_platform.a(ace_flags.o)
                0x0000290c                ace_init_flags
 .text.process_flag_irq
                0x00002918       0x14 C:\Users\aybasha\Downloads\DigitalSixthSenseUpdate\SoftConsole\audio_mss_MSS_CM3_0\audio_mss_MSS_CM3_0_hw_platform\Debug\libaudio_mss_MSS_CM3_0_hw_platform.a(ace_flags.o)
 .text.ACE_PPE_Flag0_IRQHandler
                0x0000292c       0x28 C:\Users\aybasha\Downloads\DigitalSixthSenseUpdate\SoftConsole\audio_mss_MSS_CM3_0\audio_mss_MSS_CM3_0_hw_platform\Debug\libaudio_mss_MSS_CM3_0_hw_platform.a(ace_flags.o)
                0x0000292c                ACE_PPE_Flag0_IRQHandler
 .text.ACE_PPE_Flag1_IRQHandler
                0x00002954       0x28 C:\Users\aybasha\Downloads\DigitalSixthSenseUpdate\SoftConsole\audio_mss_MSS_CM3_0\audio_mss_MSS_CM3_0_hw_platform\Debug\libaudio_mss_MSS_CM3_0_hw_platform.a(ace_flags.o)
                0x00002954                ACE_PPE_Flag1_IRQHandler
 .text.ACE_PPE_Flag2_IRQHandler
                0x0000297c       0x28 C:\Users\aybasha\Downloads\DigitalSixthSenseUpdate\SoftConsole\audio_mss_MSS_CM3_0\audio_mss_MSS_CM3_0_hw_platform\Debug\libaudio_mss_MSS_CM3_0_hw_platform.a(ace_flags.o)
                0x0000297c                ACE_PPE_Flag2_IRQHandler
 .text.ACE_PPE_Flag3_IRQHandler
                0x000029a4       0x28 C:\Users\aybasha\Downloads\DigitalSixthSenseUpdate\SoftConsole\audio_mss_MSS_CM3_0\audio_mss_MSS_CM3_0_hw_platform\Debug\libaudio_mss_MSS_CM3_0_hw_platform.a(ace_flags.o)
                0x000029a4                ACE_PPE_Flag3_IRQHandler
 .text.ACE_PPE_Flag4_IRQHandler
                0x000029cc       0x28 C:\Users\aybasha\Downloads\DigitalSixthSenseUpdate\SoftConsole\audio_mss_MSS_CM3_0\audio_mss_MSS_CM3_0_hw_platform\Debug\libaudio_mss_MSS_CM3_0_hw_platform.a(ace_flags.o)
                0x000029cc                ACE_PPE_Flag4_IRQHandler
 .text.ACE_PPE_Flag5_IRQHandler
                0x000029f4       0x28 C:\Users\aybasha\Downloads\DigitalSixthSenseUpdate\SoftConsole\audio_mss_MSS_CM3_0\audio_mss_MSS_CM3_0_hw_platform\Debug\libaudio_mss_MSS_CM3_0_hw_platform.a(ace_flags.o)
                0x000029f4                ACE_PPE_Flag5_IRQHandler
 .text.ACE_PPE_Flag6_IRQHandler
                0x00002a1c       0x28 C:\Users\aybasha\Downloads\DigitalSixthSenseUpdate\SoftConsole\audio_mss_MSS_CM3_0\audio_mss_MSS_CM3_0_hw_platform\Debug\libaudio_mss_MSS_CM3_0_hw_platform.a(ace_flags.o)
                0x00002a1c                ACE_PPE_Flag6_IRQHandler
 .text.ACE_PPE_Flag7_IRQHandler
                0x00002a44       0x28 C:\Users\aybasha\Downloads\DigitalSixthSenseUpdate\SoftConsole\audio_mss_MSS_CM3_0\audio_mss_MSS_CM3_0_hw_platform\Debug\libaudio_mss_MSS_CM3_0_hw_platform.a(ace_flags.o)
                0x00002a44                ACE_PPE_Flag7_IRQHandler
 .text.ACE_PPE_Flag8_IRQHandler
                0x00002a6c       0x28 C:\Users\aybasha\Downloads\DigitalSixthSenseUpdate\SoftConsole\audio_mss_MSS_CM3_0\audio_mss_MSS_CM3_0_hw_platform\Debug\libaudio_mss_MSS_CM3_0_hw_platform.a(ace_flags.o)
                0x00002a6c                ACE_PPE_Flag8_IRQHandler
 .text.ACE_PPE_Flag9_IRQHandler
                0x00002a94       0x28 C:\Users\aybasha\Downloads\DigitalSixthSenseUpdate\SoftConsole\audio_mss_MSS_CM3_0\audio_mss_MSS_CM3_0_hw_platform\Debug\libaudio_mss_MSS_CM3_0_hw_platform.a(ace_flags.o)
                0x00002a94                ACE_PPE_Flag9_IRQHandler
 .text.ACE_PPE_Flag10_IRQHandler
                0x00002abc       0x28 C:\Users\aybasha\Downloads\DigitalSixthSenseUpdate\SoftConsole\audio_mss_MSS_CM3_0\audio_mss_MSS_CM3_0_hw_platform\Debug\libaudio_mss_MSS_CM3_0_hw_platform.a(ace_flags.o)
                0x00002abc                ACE_PPE_Flag10_IRQHandler
 .text.ACE_PPE_Flag11_IRQHandler
                0x00002ae4       0x28 C:\Users\aybasha\Downloads\DigitalSixthSenseUpdate\SoftConsole\audio_mss_MSS_CM3_0\audio_mss_MSS_CM3_0_hw_platform\Debug\libaudio_mss_MSS_CM3_0_hw_platform.a(ace_flags.o)
                0x00002ae4                ACE_PPE_Flag11_IRQHandler
 .text.ACE_PPE_Flag12_IRQHandler
                0x00002b0c       0x28 C:\Users\aybasha\Downloads\DigitalSixthSenseUpdate\SoftConsole\audio_mss_MSS_CM3_0\audio_mss_MSS_CM3_0_hw_platform\Debug\libaudio_mss_MSS_CM3_0_hw_platform.a(ace_flags.o)
                0x00002b0c                ACE_PPE_Flag12_IRQHandler
 .text.ACE_PPE_Flag13_IRQHandler
                0x00002b34       0x28 C:\Users\aybasha\Downloads\DigitalSixthSenseUpdate\SoftConsole\audio_mss_MSS_CM3_0\audio_mss_MSS_CM3_0_hw_platform\Debug\libaudio_mss_MSS_CM3_0_hw_platform.a(ace_flags.o)
                0x00002b34                ACE_PPE_Flag13_IRQHandler
 .text.ACE_PPE_Flag14_IRQHandler
                0x00002b5c       0x28 C:\Users\aybasha\Downloads\DigitalSixthSenseUpdate\SoftConsole\audio_mss_MSS_CM3_0\audio_mss_MSS_CM3_0_hw_platform\Debug\libaudio_mss_MSS_CM3_0_hw_platform.a(ace_flags.o)
                0x00002b5c                ACE_PPE_Flag14_IRQHandler
 .text.ACE_PPE_Flag15_IRQHandler
                0x00002b84       0x28 C:\Users\aybasha\Downloads\DigitalSixthSenseUpdate\SoftConsole\audio_mss_MSS_CM3_0\audio_mss_MSS_CM3_0_hw_platform\Debug\libaudio_mss_MSS_CM3_0_hw_platform.a(ace_flags.o)
                0x00002b84                ACE_PPE_Flag15_IRQHandler
 .text.ACE_PPE_Flag16_IRQHandler
                0x00002bac       0x28 C:\Users\aybasha\Downloads\DigitalSixthSenseUpdate\SoftConsole\audio_mss_MSS_CM3_0\audio_mss_MSS_CM3_0_hw_platform\Debug\libaudio_mss_MSS_CM3_0_hw_platform.a(ace_flags.o)
                0x00002bac                ACE_PPE_Flag16_IRQHandler
 .text.ACE_PPE_Flag17_IRQHandler
                0x00002bd4       0x28 C:\Users\aybasha\Downloads\DigitalSixthSenseUpdate\SoftConsole\audio_mss_MSS_CM3_0\audio_mss_MSS_CM3_0_hw_platform\Debug\libaudio_mss_MSS_CM3_0_hw_platform.a(ace_flags.o)
                0x00002bd4                ACE_PPE_Flag17_IRQHandler
 .text.ACE_PPE_Flag18_IRQHandler
                0x00002bfc       0x28 C:\Users\aybasha\Downloads\DigitalSixthSenseUpdate\SoftConsole\audio_mss_MSS_CM3_0\audio_mss_MSS_CM3_0_hw_platform\Debug\libaudio_mss_MSS_CM3_0_hw_platform.a(ace_flags.o)
                0x00002bfc                ACE_PPE_Flag18_IRQHandler
 .text.ACE_PPE_Flag19_IRQHandler
                0x00002c24       0x28 C:\Users\aybasha\Downloads\DigitalSixthSenseUpdate\SoftConsole\audio_mss_MSS_CM3_0\audio_mss_MSS_CM3_0_hw_platform\Debug\libaudio_mss_MSS_CM3_0_hw_platform.a(ace_flags.o)
                0x00002c24                ACE_PPE_Flag19_IRQHandler
 .text.ACE_PPE_Flag20_IRQHandler
                0x00002c4c       0x28 C:\Users\aybasha\Downloads\DigitalSixthSenseUpdate\SoftConsole\audio_mss_MSS_CM3_0\audio_mss_MSS_CM3_0_hw_platform\Debug\libaudio_mss_MSS_CM3_0_hw_platform.a(ace_flags.o)
                0x00002c4c                ACE_PPE_Flag20_IRQHandler
 .text.ACE_PPE_Flag21_IRQHandler
                0x00002c74       0x28 C:\Users\aybasha\Downloads\DigitalSixthSenseUpdate\SoftConsole\audio_mss_MSS_CM3_0\audio_mss_MSS_CM3_0_hw_platform\Debug\libaudio_mss_MSS_CM3_0_hw_platform.a(ace_flags.o)
                0x00002c74                ACE_PPE_Flag21_IRQHandler
 .text.ACE_PPE_Flag22_IRQHandler
                0x00002c9c       0x28 C:\Users\aybasha\Downloads\DigitalSixthSenseUpdate\SoftConsole\audio_mss_MSS_CM3_0\audio_mss_MSS_CM3_0_hw_platform\Debug\libaudio_mss_MSS_CM3_0_hw_platform.a(ace_flags.o)
                0x00002c9c                ACE_PPE_Flag22_IRQHandler
 .text.ACE_PPE_Flag23_IRQHandler
                0x00002cc4       0x28 C:\Users\aybasha\Downloads\DigitalSixthSenseUpdate\SoftConsole\audio_mss_MSS_CM3_0\audio_mss_MSS_CM3_0_hw_platform\Debug\libaudio_mss_MSS_CM3_0_hw_platform.a(ace_flags.o)
                0x00002cc4                ACE_PPE_Flag23_IRQHandler
 .text.ACE_PPE_Flag24_IRQHandler
                0x00002cec       0x28 C:\Users\aybasha\Downloads\DigitalSixthSenseUpdate\SoftConsole\audio_mss_MSS_CM3_0\audio_mss_MSS_CM3_0_hw_platform\Debug\libaudio_mss_MSS_CM3_0_hw_platform.a(ace_flags.o)
                0x00002cec                ACE_PPE_Flag24_IRQHandler
 .text.ACE_PPE_Flag25_IRQHandler
                0x00002d14       0x28 C:\Users\aybasha\Downloads\DigitalSixthSenseUpdate\SoftConsole\audio_mss_MSS_CM3_0\audio_mss_MSS_CM3_0_hw_platform\Debug\libaudio_mss_MSS_CM3_0_hw_platform.a(ace_flags.o)
                0x00002d14                ACE_PPE_Flag25_IRQHandler
 .text.ACE_PPE_Flag26_IRQHandler
                0x00002d3c       0x28 C:\Users\aybasha\Downloads\DigitalSixthSenseUpdate\SoftConsole\audio_mss_MSS_CM3_0\audio_mss_MSS_CM3_0_hw_platform\Debug\libaudio_mss_MSS_CM3_0_hw_platform.a(ace_flags.o)
                0x00002d3c                ACE_PPE_Flag26_IRQHandler
 .text.ACE_PPE_Flag27_IRQHandler
                0x00002d64       0x28 C:\Users\aybasha\Downloads\DigitalSixthSenseUpdate\SoftConsole\audio_mss_MSS_CM3_0\audio_mss_MSS_CM3_0_hw_platform\Debug\libaudio_mss_MSS_CM3_0_hw_platform.a(ace_flags.o)
                0x00002d64                ACE_PPE_Flag27_IRQHandler
 .text.ACE_PPE_Flag28_IRQHandler
                0x00002d8c       0x28 C:\Users\aybasha\Downloads\DigitalSixthSenseUpdate\SoftConsole\audio_mss_MSS_CM3_0\audio_mss_MSS_CM3_0_hw_platform\Debug\libaudio_mss_MSS_CM3_0_hw_platform.a(ace_flags.o)
                0x00002d8c                ACE_PPE_Flag28_IRQHandler
 .text.ACE_PPE_Flag29_IRQHandler
                0x00002db4       0x28 C:\Users\aybasha\Downloads\DigitalSixthSenseUpdate\SoftConsole\audio_mss_MSS_CM3_0\audio_mss_MSS_CM3_0_hw_platform\Debug\libaudio_mss_MSS_CM3_0_hw_platform.a(ace_flags.o)
                0x00002db4                ACE_PPE_Flag29_IRQHandler
 .text.ACE_PPE_Flag30_IRQHandler
                0x00002ddc       0x28 C:\Users\aybasha\Downloads\DigitalSixthSenseUpdate\SoftConsole\audio_mss_MSS_CM3_0\audio_mss_MSS_CM3_0_hw_platform\Debug\libaudio_mss_MSS_CM3_0_hw_platform.a(ace_flags.o)
                0x00002ddc                ACE_PPE_Flag30_IRQHandler
 .text.ACE_PPE_Flag31_IRQHandler
                0x00002e04       0x28 C:\Users\aybasha\Downloads\DigitalSixthSenseUpdate\SoftConsole\audio_mss_MSS_CM3_0\audio_mss_MSS_CM3_0_hw_platform\Debug\libaudio_mss_MSS_CM3_0_hw_platform.a(ace_flags.o)
                0x00002e04                ACE_PPE_Flag31_IRQHandler
 .text          0x00002e2c      0x370 c:/microsemi/softconsole v3.3/sourcery-g++/bin/../lib/gcc/arm-none-eabi/4.4.1/thumb2\libgcc.a(_arm_addsubdf3.o)
                0x00002e2c                __aeabi_drsub
                0x00002e34                __aeabi_dsub
                0x00002e34                __subdf3
                0x00002e38                __aeabi_dadd
                0x00002e38                __adddf3
                0x000030b0                __floatunsidf
                0x000030b0                __aeabi_ui2d
                0x000030d0                __floatsidf
                0x000030d0                __aeabi_i2d
                0x000030f4                __aeabi_f2d
                0x000030f4                __extendsfdf2
                0x00003130                __floatundidf
                0x00003130                __aeabi_ul2d
                0x00003140                __floatdidf
                0x00003140                __aeabi_l2d
 .text          0x0000319c      0x424 c:/microsemi/softconsole v3.3/sourcery-g++/bin/../lib/gcc/arm-none-eabi/4.4.1/thumb2\libgcc.a(_arm_muldivdf3.o)
                0x0000319c                __aeabi_dmul
                0x0000319c                __muldf3
                0x000033f0                __divdf3
                0x000033f0                __aeabi_ddiv
 .text          0x000035c0      0x110 c:/microsemi/softconsole v3.3/sourcery-g++/bin/../lib/gcc/arm-none-eabi/4.4.1/thumb2\libgcc.a(_arm_cmpdf2.o)
                0x000035c0                __gtdf2
                0x000035c0                __gedf2
                0x000035c8                __ltdf2
                0x000035c8                __ledf2
                0x000035d0                __nedf2
                0x000035d0                __eqdf2
                0x000035d0                __cmpdf2
                0x0000364c                __aeabi_cdrcmple
                0x0000365c                __aeabi_cdcmpeq
                0x0000365c                __aeabi_cdcmple
                0x0000366c                __aeabi_dcmpeq
                0x00003680                __aeabi_dcmplt
                0x00003694                __aeabi_dcmple
                0x000036a8                __aeabi_dcmpge
                0x000036bc                __aeabi_dcmpgt
 .text          0x000036d0        0xc c:/microsemi/softconsole v3.3/sourcery-g++/bin/../lib/gcc/arm-none-eabi/4.4.1/../../../../arm-none-eabi/lib/thumb2\libc.a(lib_a-errno.o)
                0x000036d0                __errno
 .text          0x000036dc       0x50 c:/microsemi/softconsole v3.3/sourcery-g++/bin/../lib/gcc/arm-none-eabi/4.4.1/../../../../arm-none-eabi/lib/thumb2\libc.a(lib_a-init.o)
                0x000036dc                __libc_init_array
 .text          0x0000372c       0xd4 c:/microsemi/softconsole v3.3/sourcery-g++/bin/../lib/gcc/arm-none-eabi/4.4.1/../../../../arm-none-eabi/lib/thumb2\libc.a(lib_a-memset.o)
                0x0000372c                memset
 .text          0x00003800      0x100 c:/microsemi/softconsole v3.3/sourcery-g++/bin/../lib/gcc/arm-none-eabi/4.4.1/../../../../arm-none-eabi/lib/thumb2\libm.a(lib_a-w_exp.o)
                0x00003800                exp
 .text          0x00003900      0x318 c:/microsemi/softconsole v3.3/sourcery-g++/bin/../lib/gcc/arm-none-eabi/4.4.1/../../../../arm-none-eabi/lib/thumb2\libm.a(lib_a-e_exp.o)
                0x00003900                __ieee754_exp
 .text          0x00003c18       0x10 c:/microsemi/softconsole v3.3/sourcery-g++/bin/../lib/gcc/arm-none-eabi/4.4.1/../../../../arm-none-eabi/lib/thumb2\libm.a(lib_a-s_finite.o)
                0x00003c18                finite
 .text          0x00003c28        0x4 c:/microsemi/softconsole v3.3/sourcery-g++/bin/../lib/gcc/arm-none-eabi/4.4.1/../../../../arm-none-eabi/lib/thumb2\libm.a(lib_a-s_matherr.o)
                0x00003c28                matherr
 .text          0x00003c2c       0x50 c:/microsemi/softconsole v3.3/sourcery-g++/bin/../lib/gcc/arm-none-eabi/4.4.1/thumb2\libgcc.a(_arm_fixdfsi.o)
                0x00003c2c                __aeabi_d2iz
                0x00003c2c                __fixdfsi
 *(.plt)
 *(.gnu.warning)
 *(.glue_7t)
 .glue_7t       0x00000000        0x0 linker stubs
 *(.glue_7)
 .glue_7        0x00000000        0x0 linker stubs
 *(.vfp11_veneer)
 .vfp11_veneer  0x00000000        0x0 linker stubs
                0x00003c7c                . = ALIGN (0x4)
 *crtbegin.o(.ctors)
 *(EXCLUDE_FILE(*crtend.o) .ctors)
 *(SORT(.ctors.*))
 *crtend.o(.ctors)
 *crtbegin.o(.dtors)
 *(EXCLUDE_FILE(*crtend.o) .dtors)
 *(SORT(.dtors.*))
 *crtend.o(.dtors)
 *(.rodata .rodata.* .gnu.linkonce.r.*)
 .rodata.C.18.2663
                0x00003c7c        0x8 ./tfmini.o
 .rodata.g_config_reg_lut
                0x00003c84       0x80 C:\Users\aybasha\Downloads\DigitalSixthSenseUpdate\SoftConsole\audio_mss_MSS_CM3_0\audio_mss_MSS_CM3_0_hw_platform\Debug\libaudio_mss_MSS_CM3_0_hw_platform.a(mss_gpio.o)
 .rodata.g_gpio_irqn_lut
                0x00003d04       0x40 C:\Users\aybasha\Downloads\DigitalSixthSenseUpdate\SoftConsole\audio_mss_MSS_CM3_0\audio_mss_MSS_CM3_0_hw_platform\Debug\libaudio_mss_MSS_CM3_0_hw_platform.a(mss_gpio.o)
 .rodata.dac_ctrl_reg_lut
                0x00003d44        0xc C:\Users\aybasha\Downloads\DigitalSixthSenseUpdate\SoftConsole\audio_mss_MSS_CM3_0\audio_mss_MSS_CM3_0_hw_platform\Debug\libaudio_mss_MSS_CM3_0_hw_platform.a(mss_ace.o)
 .rodata.dac_enable_masks_lut
                0x00003d50        0xc C:\Users\aybasha\Downloads\DigitalSixthSenseUpdate\SoftConsole\audio_mss_MSS_CM3_0\audio_mss_MSS_CM3_0_hw_platform\Debug\libaudio_mss_MSS_CM3_0_hw_platform.a(mss_ace.o)
 .rodata.dac_byte01_reg_lut
                0x00003d5c        0xc C:\Users\aybasha\Downloads\DigitalSixthSenseUpdate\SoftConsole\audio_mss_MSS_CM3_0\audio_mss_MSS_CM3_0_hw_platform\Debug\libaudio_mss_MSS_CM3_0_hw_platform.a(mss_ace.o)
 .rodata.dac_byte2_reg_lut
                0x00003d68        0xc C:\Users\aybasha\Downloads\DigitalSixthSenseUpdate\SoftConsole\audio_mss_MSS_CM3_0\audio_mss_MSS_CM3_0_hw_platform\Debug\libaudio_mss_MSS_CM3_0_hw_platform.a(mss_ace.o)
 .rodata.p_mtd_data
                0x00003d74        0x4 C:\Users\aybasha\Downloads\DigitalSixthSenseUpdate\SoftConsole\audio_mss_MSS_CM3_0\audio_mss_MSS_CM3_0_hw_platform\Debug\libaudio_mss_MSS_CM3_0_hw_platform.a(mss_ace.o)
 .rodata.C.18.3510
                0x00003d78        0x4 C:\Users\aybasha\Downloads\DigitalSixthSenseUpdate\SoftConsole\audio_mss_MSS_CM3_0\audio_mss_MSS_CM3_0_hw_platform\Debug\libaudio_mss_MSS_CM3_0_hw_platform.a(mss_ace.o)
 .rodata.C.18.2576
                0x00003d7c       0x10 C:\Users\aybasha\Downloads\DigitalSixthSenseUpdate\SoftConsole\audio_mss_MSS_CM3_0\audio_mss_MSS_CM3_0_hw_platform\Debug\libaudio_mss_MSS_CM3_0_hw_platform.a(system_a2fxxxm3.o)
 .rodata.g_ace_channel_0_name
                0x00003d8c        0x8 C:\Users\aybasha\Downloads\DigitalSixthSenseUpdate\SoftConsole\audio_mss_MSS_CM3_0\audio_mss_MSS_CM3_0_hw_platform\Debug\libaudio_mss_MSS_CM3_0_hw_platform.a(ace_config.o)
                0x00003d8c                g_ace_channel_0_name
 .rodata.channel_type_lut
                0x00003d94       0x30 C:\Users\aybasha\Downloads\DigitalSixthSenseUpdate\SoftConsole\audio_mss_MSS_CM3_0\audio_mss_MSS_CM3_0_hw_platform\Debug\libaudio_mss_MSS_CM3_0_hw_platform.a(ace_convert.o)
 .rodata.channel_quad_lut
                0x00003dc4       0x30 C:\Users\aybasha\Downloads\DigitalSixthSenseUpdate\SoftConsole\audio_mss_MSS_CM3_0\audio_mss_MSS_CM3_0_hw_platform\Debug\libaudio_mss_MSS_CM3_0_hw_platform.a(ace_convert.o)
 .rodata.str1.4
                0x00003df4        0x2 c:/microsemi/softconsole v3.3/sourcery-g++/bin/../lib/gcc/arm-none-eabi/4.4.1/../../../../arm-none-eabi/lib/thumb2\libc.a(lib_a-impure.o)
                                  0x4 (size before relaxing)
 *fill*         0x00003df6        0x2 00
 .rodata.str1.4
                0x00003df8        0x4 c:/microsemi/softconsole v3.3/sourcery-g++/bin/../lib/gcc/arm-none-eabi/4.4.1/../../../../arm-none-eabi/lib/thumb2\libm.a(lib_a-w_exp.o)
 *fill*         0x00003dfc        0x4 00
 .rodata        0x00003e00       0x30 c:/microsemi/softconsole v3.3/sourcery-g++/bin/../lib/gcc/arm-none-eabi/4.4.1/../../../../arm-none-eabi/lib/thumb2\libm.a(lib_a-e_exp.o)
 *(.ARM.extab* .gnu.linkonce.armextab.*)
 *(.gcc_except_table)
 *(.eh_frame_hdr)
 *(.eh_frame)
 *(.init)
 .init          0x00003e30        0x4 c:/microsemi/softconsole v3.3/sourcery-g++/bin/../lib/gcc/arm-none-eabi/4.4.1/thumb2/crti.o
                0x00003e30                _init
 .init          0x00003e34        0x8 c:/microsemi/softconsole v3.3/sourcery-g++/bin/../lib/gcc/arm-none-eabi/4.4.1/thumb2/crtn.o
 *(.fini)
 .fini          0x00003e3c        0x4 c:/microsemi/softconsole v3.3/sourcery-g++/bin/../lib/gcc/arm-none-eabi/4.4.1/thumb2/crti.o
                0x00003e3c                _fini
 .fini          0x00003e40        0x8 c:/microsemi/softconsole v3.3/sourcery-g++/bin/../lib/gcc/arm-none-eabi/4.4.1/thumb2/crtn.o
                0x00003e48                PROVIDE (__preinit_array_start, .)
 *(.preinit_array)
                0x00003e48                PROVIDE (__preinit_array_end, .)
                0x00003e48                PROVIDE (__init_array_start, .)
 *(SORT(.init_array.*))
 *(.init_array)
 .init_array    0x00003e48        0x4 c:/microsemi/softconsole v3.3/sourcery-g++/bin/../lib/gcc/arm-none-eabi/4.4.1/thumb2/crtbegin.o
                0x00003e4c                PROVIDE (__init_array_end, .)
                0x00003e4c                PROVIDE (__fini_array_start, .)
 *(.fini_array)
 .fini_array    0x00003e4c        0x4 c:/microsemi/softconsole v3.3/sourcery-g++/bin/../lib/gcc/arm-none-eabi/4.4.1/thumb2/crtbegin.o
 *(SORT(.fini_array.*))
                0x00003e50                PROVIDE (__fini_array_end, .)
                0x00003e50                __exidx_start = .

.v4_bx          0x00003e50        0x0 load address 0x60003e50
 .v4_bx         0x00000000        0x0 linker stubs

.ARM.exidx
 *(.ARM.exidx* .gnu.linkonce.armexidx.*)
                0x00003e50                __exidx_end = .
                0x00003e50                _etext = .

.data           0x20000000      0x124 load address 0x60003e50
                0x60003e50                __data_load = LOADADDR (.data)
                0x60003e50                _sidata = LOADADDR (.data)
                0x20000000                __data_start = .
                0x20000000                _sdata = .
 *(.jcr)
 .jcr           0x20000000        0x0 c:/microsemi/softconsole v3.3/sourcery-g++/bin/../lib/gcc/arm-none-eabi/4.4.1/thumb2/crtbegin.o
 .jcr           0x20000000        0x4 c:/microsemi/softconsole v3.3/sourcery-g++/bin/../lib/gcc/arm-none-eabi/4.4.1/thumb2/crtend.o
 *(.got.plt)
 *(.got)
 *(.shdata)
 *(.data .data.* .gnu.linkonce.d.*)
 .data.SystemFrequency
                0x20000004        0x4 C:\Users\aybasha\Downloads\DigitalSixthSenseUpdate\SoftConsole\audio_mss_MSS_CM3_0\audio_mss_MSS_CM3_0_hw_platform\Debug\libaudio_mss_MSS_CM3_0_hw_platform.a(system_a2fxxxm3.o)
                0x20000004                SystemFrequency
 .data.SystemCoreClock
                0x20000008        0x4 C:\Users\aybasha\Downloads\DigitalSixthSenseUpdate\SoftConsole\audio_mss_MSS_CM3_0\audio_mss_MSS_CM3_0_hw_platform\Debug\libaudio_mss_MSS_CM3_0_hw_platform.a(system_a2fxxxm3.o)
                0x20000008                SystemCoreClock
 .data.g_FrequencyPCLK0
                0x2000000c        0x4 C:\Users\aybasha\Downloads\DigitalSixthSenseUpdate\SoftConsole\audio_mss_MSS_CM3_0\audio_mss_MSS_CM3_0_hw_platform\Debug\libaudio_mss_MSS_CM3_0_hw_platform.a(system_a2fxxxm3.o)
                0x2000000c                g_FrequencyPCLK0
 .data.g_FrequencyPCLK1
                0x20000010        0x4 C:\Users\aybasha\Downloads\DigitalSixthSenseUpdate\SoftConsole\audio_mss_MSS_CM3_0\audio_mss_MSS_CM3_0_hw_platform\Debug\libaudio_mss_MSS_CM3_0_hw_platform.a(system_a2fxxxm3.o)
                0x20000010                g_FrequencyPCLK1
 .data.g_FrequencyACE
                0x20000014        0x4 C:\Users\aybasha\Downloads\DigitalSixthSenseUpdate\SoftConsole\audio_mss_MSS_CM3_0\audio_mss_MSS_CM3_0_hw_platform\Debug\libaudio_mss_MSS_CM3_0_hw_platform.a(system_a2fxxxm3.o)
                0x20000014                g_FrequencyACE
 .data.g_FrequencyFPGA
                0x20000018        0x4 C:\Users\aybasha\Downloads\DigitalSixthSenseUpdate\SoftConsole\audio_mss_MSS_CM3_0\audio_mss_MSS_CM3_0_hw_platform\Debug\libaudio_mss_MSS_CM3_0_hw_platform.a(system_a2fxxxm3.o)
                0x20000018                g_FrequencyFPGA
 .data.g_ace_channel_desc_table
                0x2000001c       0x10 C:\Users\aybasha\Downloads\DigitalSixthSenseUpdate\SoftConsole\audio_mss_MSS_CM3_0\audio_mss_MSS_CM3_0_hw_platform\Debug\libaudio_mss_MSS_CM3_0_hw_platform.a(ace_config.o)
                0x2000001c                g_ace_channel_desc_table
 .data          0x2000002c       0xf4 c:/microsemi/softconsole v3.3/sourcery-g++/bin/../lib/gcc/arm-none-eabi/4.4.1/../../../../arm-none-eabi/lib/thumb2\libc.a(lib_a-impure.o)
                0x2000002c                _impure_ptr
 .data          0x20000120        0x1 c:/microsemi/softconsole v3.3/sourcery-g++/bin/../lib/gcc/arm-none-eabi/4.4.1/../../../../arm-none-eabi/lib/thumb2\libm.a(lib_a-s_lib_ver.o)
                0x20000120                __fdlib_version
                0x20000124                . = ALIGN (0x4)
 *fill*         0x20000121        0x3 00
                0x20000124                _edata = .

.bss            0x20000124      0x154 load address 0x60003f74
                0x20000124                __bss_start__ = .
                0x20000124                _sbss = .
 *(.shbss)
 *(.bss .bss.* .gnu.linkonce.b.*)
 .bss           0x20000124        0x1 c:/microsemi/softconsole v3.3/sourcery-g++/bin/../lib/gcc/arm-none-eabi/4.4.1/thumb2/crtbegin.o
 *fill*         0x20000125        0x3 00
 .bss.mode      0x20000128        0x4 ./main.o
                0x20000128                mode
 .bss.g_gdec_lut
                0x2000012c        0xc C:\Users\aybasha\Downloads\DigitalSixthSenseUpdate\SoftConsole\audio_mss_MSS_CM3_0\audio_mss_MSS_CM3_0_hw_platform\Debug\libaudio_mss_MSS_CM3_0_hw_platform.a(ace_convert.o)
 .bss.channel_type_lut_h
                0x20000138        0x4 C:\Users\aybasha\Downloads\DigitalSixthSenseUpdate\SoftConsole\audio_mss_MSS_CM3_0\audio_mss_MSS_CM3_0_hw_platform\Debug\libaudio_mss_MSS_CM3_0_hw_platform.a(ace_convert.o)
 *(COMMON)
 COMMON         0x2000013c       0x50 C:\Users\aybasha\Downloads\DigitalSixthSenseUpdate\SoftConsole\audio_mss_MSS_CM3_0\audio_mss_MSS_CM3_0_hw_platform\Debug\libaudio_mss_MSS_CM3_0_hw_platform.a(mss_uart.o)
                0x2000013c                g_mss_uart1
                0x20000164                g_mss_uart0
 COMMON         0x2000018c       0xe8 C:\Users\aybasha\Downloads\DigitalSixthSenseUpdate\SoftConsole\audio_mss_MSS_CM3_0\audio_mss_MSS_CM3_0_hw_platform\Debug\libaudio_mss_MSS_CM3_0_hw_platform.a(mss_i2c.o)
                0x2000018c                g_mss_i2c0
                0x20000200                g_mss_i2c1
                0x20000278                . = ALIGN (0x8)
 *fill*         0x20000274        0x4 00
                0x20000278                __bss_end__ = .
                0x20000278                _end = .
                0x20000278                __end = _end
                0x20000278                _ebss = .
                0x20000278                PROVIDE (end, .)

.stab
 *(.stab)

.stabstr
 *(.stabstr)

.debug
 *(.debug)

.line
 *(.line)

.debug_srcinfo
 *(.debug_srcinfo)

.debug_sfnames
 *(.debug_sfnames)

.comment        0x00000000      0x22f
 .comment       0x00000000       0x2b ./main.o
 .comment       0x0000002b       0x2b ./motor_control.o
 .comment       0x00000056       0x2b ./tfmini.o
 .comment       0x00000081       0x2b C:/Users/aybasha/Downloads/DigitalSixthSenseUpdate/SoftConsole/audio_mss_MSS_CM3_0/audio_mss_MSS_CM3_0_hw_platform/Debug/CMSIS/startup_gcc/newlib_stubs.o
 .comment       0x000000ac       0x2b C:\Users\aybasha\Downloads\DigitalSixthSenseUpdate\SoftConsole\audio_mss_MSS_CM3_0\audio_mss_MSS_CM3_0_hw_platform\Debug\libaudio_mss_MSS_CM3_0_hw_platform.a(mss_uart.o)
 .comment       0x000000d7       0x2b C:\Users\aybasha\Downloads\DigitalSixthSenseUpdate\SoftConsole\audio_mss_MSS_CM3_0\audio_mss_MSS_CM3_0_hw_platform\Debug\libaudio_mss_MSS_CM3_0_hw_platform.a(mss_i2c.o)
 .comment       0x00000102       0x2b C:\Users\aybasha\Downloads\DigitalSixthSenseUpdate\SoftConsole\audio_mss_MSS_CM3_0\audio_mss_MSS_CM3_0_hw_platform\Debug\libaudio_mss_MSS_CM3_0_hw_platform.a(mss_gpio.o)
 .comment       0x0000012d       0x2b C:\Users\aybasha\Downloads\DigitalSixthSenseUpdate\SoftConsole\audio_mss_MSS_CM3_0\audio_mss_MSS_CM3_0_hw_platform\Debug\libaudio_mss_MSS_CM3_0_hw_platform.a(mss_ace.o)
 .comment       0x00000158       0x2b C:\Users\aybasha\Downloads\DigitalSixthSenseUpdate\SoftConsole\audio_mss_MSS_CM3_0\audio_mss_MSS_CM3_0_hw_platform\Debug\libaudio_mss_MSS_CM3_0_hw_platform.a(core_cm3.o)
 .comment       0x00000183       0x2b C:\Users\aybasha\Downloads\DigitalSixthSenseUpdate\SoftConsole\audio_mss_MSS_CM3_0\audio_mss_MSS_CM3_0_hw_platform\Debug\libaudio_mss_MSS_CM3_0_hw_platform.a(system_a2fxxxm3.o)
 .comment       0x000001ae       0x2b C:\Users\aybasha\Downloads\DigitalSixthSenseUpdate\SoftConsole\audio_mss_MSS_CM3_0\audio_mss_MSS_CM3_0_hw_platform\Debug\libaudio_mss_MSS_CM3_0_hw_platform.a(ace_config.o)
 .comment       0x000001d9       0x2b C:\Users\aybasha\Downloads\DigitalSixthSenseUpdate\SoftConsole\audio_mss_MSS_CM3_0\audio_mss_MSS_CM3_0_hw_platform\Debug\libaudio_mss_MSS_CM3_0_hw_platform.a(ace_convert.o)
 .comment       0x00000204       0x2b C:\Users\aybasha\Downloads\DigitalSixthSenseUpdate\SoftConsole\audio_mss_MSS_CM3_0\audio_mss_MSS_CM3_0_hw_platform\Debug\libaudio_mss_MSS_CM3_0_hw_platform.a(ace_flags.o)

.debug_aranges  0x00000000      0x848
 *(.debug_aranges)
 .debug_aranges
                0x00000000       0x30 ./main.o
 .debug_aranges
                0x00000030       0x78 ./motor_control.o
 .debug_aranges
                0x000000a8       0x28 ./tfmini.o
 .debug_aranges
                0x000000d0       0xa8 C:/Users/aybasha/Downloads/DigitalSixthSenseUpdate/SoftConsole/audio_mss_MSS_CM3_0/audio_mss_MSS_CM3_0_hw_platform/Debug/CMSIS/startup_gcc/newlib_stubs.o
 .debug_aranges
                0x00000178       0xd8 C:\Users\aybasha\Downloads\DigitalSixthSenseUpdate\SoftConsole\audio_mss_MSS_CM3_0\audio_mss_MSS_CM3_0_hw_platform\Debug\libaudio_mss_MSS_CM3_0_hw_platform.a(mss_uart.o)
 .debug_aranges
                0x00000250      0x128 C:\Users\aybasha\Downloads\DigitalSixthSenseUpdate\SoftConsole\audio_mss_MSS_CM3_0\audio_mss_MSS_CM3_0_hw_platform\Debug\libaudio_mss_MSS_CM3_0_hw_platform.a(mss_i2c.o)
 .debug_aranges
                0x00000378       0x60 C:\Users\aybasha\Downloads\DigitalSixthSenseUpdate\SoftConsole\audio_mss_MSS_CM3_0\audio_mss_MSS_CM3_0_hw_platform\Debug\libaudio_mss_MSS_CM3_0_hw_platform.a(mss_gpio.o)
 .debug_aranges
                0x000003d8       0xe0 C:\Users\aybasha\Downloads\DigitalSixthSenseUpdate\SoftConsole\audio_mss_MSS_CM3_0\audio_mss_MSS_CM3_0_hw_platform\Debug\libaudio_mss_MSS_CM3_0_hw_platform.a(mss_ace.o)
 .debug_aranges
                0x000004b8       0xc8 C:\Users\aybasha\Downloads\DigitalSixthSenseUpdate\SoftConsole\audio_mss_MSS_CM3_0\audio_mss_MSS_CM3_0_hw_platform\Debug\libaudio_mss_MSS_CM3_0_hw_platform.a(core_cm3.o)
 .debug_aranges
                0x00000580       0x30 C:\Users\aybasha\Downloads\DigitalSixthSenseUpdate\SoftConsole\audio_mss_MSS_CM3_0\audio_mss_MSS_CM3_0_hw_platform\Debug\libaudio_mss_MSS_CM3_0_hw_platform.a(system_a2fxxxm3.o)
 .debug_aranges
                0x000005b0       0xb0 C:\Users\aybasha\Downloads\DigitalSixthSenseUpdate\SoftConsole\audio_mss_MSS_CM3_0\audio_mss_MSS_CM3_0_hw_platform\Debug\libaudio_mss_MSS_CM3_0_hw_platform.a(ace_convert.o)
 .debug_aranges
                0x00000660      0x1e8 C:\Users\aybasha\Downloads\DigitalSixthSenseUpdate\SoftConsole\audio_mss_MSS_CM3_0\audio_mss_MSS_CM3_0_hw_platform\Debug\libaudio_mss_MSS_CM3_0_hw_platform.a(ace_flags.o)

.debug_pubnames
                0x00000000     0x15ff
 *(.debug_pubnames)
 .debug_pubnames
                0x00000000       0x4b ./main.o
 .debug_pubnames
                0x0000004b       0xb7 ./motor_control.o
 .debug_pubnames
                0x00000102       0x26 ./tfmini.o
 .debug_pubnames
                0x00000128       0xeb C:/Users/aybasha/Downloads/DigitalSixthSenseUpdate/SoftConsole/audio_mss_MSS_CM3_0/audio_mss_MSS_CM3_0_hw_platform/Debug/CMSIS/startup_gcc/newlib_stubs.o
 .debug_pubnames
                0x00000213      0x21c C:\Users\aybasha\Downloads\DigitalSixthSenseUpdate\SoftConsole\audio_mss_MSS_CM3_0\audio_mss_MSS_CM3_0_hw_platform\Debug\libaudio_mss_MSS_CM3_0_hw_platform.a(mss_uart.o)
 .debug_pubnames
                0x0000042f      0x2eb C:\Users\aybasha\Downloads\DigitalSixthSenseUpdate\SoftConsole\audio_mss_MSS_CM3_0\audio_mss_MSS_CM3_0_hw_platform\Debug\libaudio_mss_MSS_CM3_0_hw_platform.a(mss_i2c.o)
 .debug_pubnames
                0x0000071a       0xb1 C:\Users\aybasha\Downloads\DigitalSixthSenseUpdate\SoftConsole\audio_mss_MSS_CM3_0\audio_mss_MSS_CM3_0_hw_platform\Debug\libaudio_mss_MSS_CM3_0_hw_platform.a(mss_gpio.o)
 .debug_pubnames
                0x000007cb      0x292 C:\Users\aybasha\Downloads\DigitalSixthSenseUpdate\SoftConsole\audio_mss_MSS_CM3_0\audio_mss_MSS_CM3_0_hw_platform\Debug\libaudio_mss_MSS_CM3_0_hw_platform.a(mss_ace.o)
 .debug_pubnames
                0x00000a5d      0x159 C:\Users\aybasha\Downloads\DigitalSixthSenseUpdate\SoftConsole\audio_mss_MSS_CM3_0\audio_mss_MSS_CM3_0_hw_platform\Debug\libaudio_mss_MSS_CM3_0_hw_platform.a(core_cm3.o)
 .debug_pubnames
                0x00000bb6       0xb4 C:\Users\aybasha\Downloads\DigitalSixthSenseUpdate\SoftConsole\audio_mss_MSS_CM3_0\audio_mss_MSS_CM3_0_hw_platform\Debug\libaudio_mss_MSS_CM3_0_hw_platform.a(system_a2fxxxm3.o)
 .debug_pubnames
                0x00000c6a      0x14a C:\Users\aybasha\Downloads\DigitalSixthSenseUpdate\SoftConsole\audio_mss_MSS_CM3_0\audio_mss_MSS_CM3_0_hw_platform\Debug\libaudio_mss_MSS_CM3_0_hw_platform.a(ace_config.o)
 .debug_pubnames
                0x00000db4      0x1ec C:\Users\aybasha\Downloads\DigitalSixthSenseUpdate\SoftConsole\audio_mss_MSS_CM3_0\audio_mss_MSS_CM3_0_hw_platform\Debug\libaudio_mss_MSS_CM3_0_hw_platform.a(ace_convert.o)
 .debug_pubnames
                0x00000fa0      0x65f C:\Users\aybasha\Downloads\DigitalSixthSenseUpdate\SoftConsole\audio_mss_MSS_CM3_0\audio_mss_MSS_CM3_0_hw_platform\Debug\libaudio_mss_MSS_CM3_0_hw_platform.a(ace_flags.o)

.debug_info     0x00000000     0xbd93
 *(.debug_info .gnu.linkonce.wi.*)
 .debug_info    0x00000000      0xd5d ./main.o
 .debug_info    0x00000d5d      0xca4 ./motor_control.o
 .debug_info    0x00001a01      0xbd8 ./tfmini.o
 .debug_info    0x000025d9      0x6bf C:/Users/aybasha/Downloads/DigitalSixthSenseUpdate/SoftConsole/audio_mss_MSS_CM3_0/audio_mss_MSS_CM3_0_hw_platform/Debug/CMSIS/startup_gcc/newlib_stubs.o
 .debug_info    0x00002c98     0x15a4 C:\Users\aybasha\Downloads\DigitalSixthSenseUpdate\SoftConsole\audio_mss_MSS_CM3_0\audio_mss_MSS_CM3_0_hw_platform\Debug\libaudio_mss_MSS_CM3_0_hw_platform.a(mss_uart.o)
 .debug_info    0x0000423c     0x16e7 C:\Users\aybasha\Downloads\DigitalSixthSenseUpdate\SoftConsole\audio_mss_MSS_CM3_0\audio_mss_MSS_CM3_0_hw_platform\Debug\libaudio_mss_MSS_CM3_0_hw_platform.a(mss_i2c.o)
 .debug_info    0x00005923     0x1114 C:\Users\aybasha\Downloads\DigitalSixthSenseUpdate\SoftConsole\audio_mss_MSS_CM3_0\audio_mss_MSS_CM3_0_hw_platform\Debug\libaudio_mss_MSS_CM3_0_hw_platform.a(mss_gpio.o)
 .debug_info    0x00006a37     0x1afb C:\Users\aybasha\Downloads\DigitalSixthSenseUpdate\SoftConsole\audio_mss_MSS_CM3_0\audio_mss_MSS_CM3_0_hw_platform\Debug\libaudio_mss_MSS_CM3_0_hw_platform.a(mss_ace.o)
 .debug_info    0x00008532      0x54c C:\Users\aybasha\Downloads\DigitalSixthSenseUpdate\SoftConsole\audio_mss_MSS_CM3_0\audio_mss_MSS_CM3_0_hw_platform\Debug\libaudio_mss_MSS_CM3_0_hw_platform.a(core_cm3.o)
 .debug_info    0x00008a7e      0x53c C:\Users\aybasha\Downloads\DigitalSixthSenseUpdate\SoftConsole\audio_mss_MSS_CM3_0\audio_mss_MSS_CM3_0_hw_platform\Debug\libaudio_mss_MSS_CM3_0_hw_platform.a(system_a2fxxxm3.o)
 .debug_info    0x00008fba      0x480 C:\Users\aybasha\Downloads\DigitalSixthSenseUpdate\SoftConsole\audio_mss_MSS_CM3_0\audio_mss_MSS_CM3_0_hw_platform\Debug\libaudio_mss_MSS_CM3_0_hw_platform.a(ace_config.o)
 .debug_info    0x0000943a     0x1aa2 C:\Users\aybasha\Downloads\DigitalSixthSenseUpdate\SoftConsole\audio_mss_MSS_CM3_0\audio_mss_MSS_CM3_0_hw_platform\Debug\libaudio_mss_MSS_CM3_0_hw_platform.a(ace_convert.o)
 .debug_info    0x0000aedc      0xeb7 C:\Users\aybasha\Downloads\DigitalSixthSenseUpdate\SoftConsole\audio_mss_MSS_CM3_0\audio_mss_MSS_CM3_0_hw_platform\Debug\libaudio_mss_MSS_CM3_0_hw_platform.a(ace_flags.o)

.debug_abbrev   0x00000000     0x13e2
 *(.debug_abbrev)
 .debug_abbrev  0x00000000      0x1ad ./main.o
 .debug_abbrev  0x000001ad      0x1bb ./motor_control.o
 .debug_abbrev  0x00000368      0x190 ./tfmini.o
 .debug_abbrev  0x000004f8      0x130 C:/Users/aybasha/Downloads/DigitalSixthSenseUpdate/SoftConsole/audio_mss_MSS_CM3_0/audio_mss_MSS_CM3_0_hw_platform/Debug/CMSIS/startup_gcc/newlib_stubs.o
 .debug_abbrev  0x00000628      0x245 C:\Users\aybasha\Downloads\DigitalSixthSenseUpdate\SoftConsole\audio_mss_MSS_CM3_0\audio_mss_MSS_CM3_0_hw_platform\Debug\libaudio_mss_MSS_CM3_0_hw_platform.a(mss_uart.o)
 .debug_abbrev  0x0000086d      0x22b C:\Users\aybasha\Downloads\DigitalSixthSenseUpdate\SoftConsole\audio_mss_MSS_CM3_0\audio_mss_MSS_CM3_0_hw_platform\Debug\libaudio_mss_MSS_CM3_0_hw_platform.a(mss_i2c.o)
 .debug_abbrev  0x00000a98      0x181 C:\Users\aybasha\Downloads\DigitalSixthSenseUpdate\SoftConsole\audio_mss_MSS_CM3_0\audio_mss_MSS_CM3_0_hw_platform\Debug\libaudio_mss_MSS_CM3_0_hw_platform.a(mss_gpio.o)
 .debug_abbrev  0x00000c19      0x225 C:\Users\aybasha\Downloads\DigitalSixthSenseUpdate\SoftConsole\audio_mss_MSS_CM3_0\audio_mss_MSS_CM3_0_hw_platform\Debug\libaudio_mss_MSS_CM3_0_hw_platform.a(mss_ace.o)
 .debug_abbrev  0x00000e3e       0xd9 C:\Users\aybasha\Downloads\DigitalSixthSenseUpdate\SoftConsole\audio_mss_MSS_CM3_0\audio_mss_MSS_CM3_0_hw_platform\Debug\libaudio_mss_MSS_CM3_0_hw_platform.a(core_cm3.o)
 .debug_abbrev  0x00000f17      0x111 C:\Users\aybasha\Downloads\DigitalSixthSenseUpdate\SoftConsole\audio_mss_MSS_CM3_0\audio_mss_MSS_CM3_0_hw_platform\Debug\libaudio_mss_MSS_CM3_0_hw_platform.a(system_a2fxxxm3.o)
 .debug_abbrev  0x00001028       0xbd C:\Users\aybasha\Downloads\DigitalSixthSenseUpdate\SoftConsole\audio_mss_MSS_CM3_0\audio_mss_MSS_CM3_0_hw_platform\Debug\libaudio_mss_MSS_CM3_0_hw_platform.a(ace_config.o)
 .debug_abbrev  0x000010e5      0x191 C:\Users\aybasha\Downloads\DigitalSixthSenseUpdate\SoftConsole\audio_mss_MSS_CM3_0\audio_mss_MSS_CM3_0_hw_platform\Debug\libaudio_mss_MSS_CM3_0_hw_platform.a(ace_convert.o)
 .debug_abbrev  0x00001276      0x16c C:\Users\aybasha\Downloads\DigitalSixthSenseUpdate\SoftConsole\audio_mss_MSS_CM3_0\audio_mss_MSS_CM3_0_hw_platform\Debug\libaudio_mss_MSS_CM3_0_hw_platform.a(ace_flags.o)

.debug_line     0x00000000     0x3df9
 *(.debug_line)
 .debug_line    0x00000000      0x917 ./main.o
 .debug_line    0x00000917      0x532 ./motor_control.o
 .debug_line    0x00000e49      0x2a6 ./tfmini.o
 .debug_line    0x000010ef      0x458 C:/Users/aybasha/Downloads/DigitalSixthSenseUpdate/SoftConsole/audio_mss_MSS_CM3_0/audio_mss_MSS_CM3_0_hw_platform/Debug/CMSIS/startup_gcc/newlib_stubs.o
 .debug_line    0x00001547      0x575 C:\Users\aybasha\Downloads\DigitalSixthSenseUpdate\SoftConsole\audio_mss_MSS_CM3_0\audio_mss_MSS_CM3_0_hw_platform\Debug\libaudio_mss_MSS_CM3_0_hw_platform.a(mss_uart.o)
 .debug_line    0x00001abc      0x6f2 C:\Users\aybasha\Downloads\DigitalSixthSenseUpdate\SoftConsole\audio_mss_MSS_CM3_0\audio_mss_MSS_CM3_0_hw_platform\Debug\libaudio_mss_MSS_CM3_0_hw_platform.a(mss_i2c.o)
 .debug_line    0x000021ae      0x326 C:\Users\aybasha\Downloads\DigitalSixthSenseUpdate\SoftConsole\audio_mss_MSS_CM3_0\audio_mss_MSS_CM3_0_hw_platform\Debug\libaudio_mss_MSS_CM3_0_hw_platform.a(mss_gpio.o)
 .debug_line    0x000024d4      0x5f9 C:\Users\aybasha\Downloads\DigitalSixthSenseUpdate\SoftConsole\audio_mss_MSS_CM3_0\audio_mss_MSS_CM3_0_hw_platform\Debug\libaudio_mss_MSS_CM3_0_hw_platform.a(mss_ace.o)
 .debug_line    0x00002acd      0x260 C:\Users\aybasha\Downloads\DigitalSixthSenseUpdate\SoftConsole\audio_mss_MSS_CM3_0\audio_mss_MSS_CM3_0_hw_platform\Debug\libaudio_mss_MSS_CM3_0_hw_platform.a(core_cm3.o)
 .debug_line    0x00002d2d      0x27b C:\Users\aybasha\Downloads\DigitalSixthSenseUpdate\SoftConsole\audio_mss_MSS_CM3_0\audio_mss_MSS_CM3_0_hw_platform\Debug\libaudio_mss_MSS_CM3_0_hw_platform.a(system_a2fxxxm3.o)
 .debug_line    0x00002fa8      0x1a9 C:\Users\aybasha\Downloads\DigitalSixthSenseUpdate\SoftConsole\audio_mss_MSS_CM3_0\audio_mss_MSS_CM3_0_hw_platform\Debug\libaudio_mss_MSS_CM3_0_hw_platform.a(ace_config.o)
 .debug_line    0x00003151      0x4d5 C:\Users\aybasha\Downloads\DigitalSixthSenseUpdate\SoftConsole\audio_mss_MSS_CM3_0\audio_mss_MSS_CM3_0_hw_platform\Debug\libaudio_mss_MSS_CM3_0_hw_platform.a(ace_convert.o)
 .debug_line    0x00003626      0x7d3 C:\Users\aybasha\Downloads\DigitalSixthSenseUpdate\SoftConsole\audio_mss_MSS_CM3_0\audio_mss_MSS_CM3_0_hw_platform\Debug\libaudio_mss_MSS_CM3_0_hw_platform.a(ace_flags.o)

.debug_frame    0x00000000     0x1ce0
 *(.debug_frame)
 .debug_frame   0x00000000       0x74 ./main.o
 .debug_frame   0x00000074      0x180 ./motor_control.o
 .debug_frame   0x000001f4       0x54 ./tfmini.o
 .debug_frame   0x00000248      0x21c C:/Users/aybasha/Downloads/DigitalSixthSenseUpdate/SoftConsole/audio_mss_MSS_CM3_0/audio_mss_MSS_CM3_0_hw_platform/Debug/CMSIS/startup_gcc/newlib_stubs.o
 .debug_frame   0x00000464      0x2e4 C:\Users\aybasha\Downloads\DigitalSixthSenseUpdate\SoftConsole\audio_mss_MSS_CM3_0\audio_mss_MSS_CM3_0_hw_platform\Debug\libaudio_mss_MSS_CM3_0_hw_platform.a(mss_uart.o)
 .debug_frame   0x00000748      0x40c C:\Users\aybasha\Downloads\DigitalSixthSenseUpdate\SoftConsole\audio_mss_MSS_CM3_0\audio_mss_MSS_CM3_0_hw_platform\Debug\libaudio_mss_MSS_CM3_0_hw_platform.a(mss_i2c.o)
 .debug_frame   0x00000b54      0x118 C:\Users\aybasha\Downloads\DigitalSixthSenseUpdate\SoftConsole\audio_mss_MSS_CM3_0\audio_mss_MSS_CM3_0_hw_platform\Debug\libaudio_mss_MSS_CM3_0_hw_platform.a(mss_gpio.o)
 .debug_frame   0x00000c6c      0x2cc C:\Users\aybasha\Downloads\DigitalSixthSenseUpdate\SoftConsole\audio_mss_MSS_CM3_0\audio_mss_MSS_CM3_0_hw_platform\Debug\libaudio_mss_MSS_CM3_0_hw_platform.a(mss_ace.o)
 .debug_frame   0x00000f38      0x248 C:\Users\aybasha\Downloads\DigitalSixthSenseUpdate\SoftConsole\audio_mss_MSS_CM3_0\audio_mss_MSS_CM3_0_hw_platform\Debug\libaudio_mss_MSS_CM3_0_hw_platform.a(core_cm3.o)
 .debug_frame   0x00001180       0x64 C:\Users\aybasha\Downloads\DigitalSixthSenseUpdate\SoftConsole\audio_mss_MSS_CM3_0\audio_mss_MSS_CM3_0_hw_platform\Debug\libaudio_mss_MSS_CM3_0_hw_platform.a(system_a2fxxxm3.o)
 .debug_frame   0x000011e4      0x24c C:\Users\aybasha\Downloads\DigitalSixthSenseUpdate\SoftConsole\audio_mss_MSS_CM3_0\audio_mss_MSS_CM3_0_hw_platform\Debug\libaudio_mss_MSS_CM3_0_hw_platform.a(ace_convert.o)
 .debug_frame   0x00001430      0x764 C:\Users\aybasha\Downloads\DigitalSixthSenseUpdate\SoftConsole\audio_mss_MSS_CM3_0\audio_mss_MSS_CM3_0_hw_platform\Debug\libaudio_mss_MSS_CM3_0_hw_platform.a(ace_flags.o)
 .debug_frame   0x00001b94       0x20 c:/microsemi/softconsole v3.3/sourcery-g++/bin/../lib/gcc/arm-none-eabi/4.4.1/../../../../arm-none-eabi/lib/thumb2\libc.a(lib_a-errno.o)
 .debug_frame   0x00001bb4       0x2c c:/microsemi/softconsole v3.3/sourcery-g++/bin/../lib/gcc/arm-none-eabi/4.4.1/../../../../arm-none-eabi/lib/thumb2\libc.a(lib_a-init.o)
 .debug_frame   0x00001be0       0x28 c:/microsemi/softconsole v3.3/sourcery-g++/bin/../lib/gcc/arm-none-eabi/4.4.1/../../../../arm-none-eabi/lib/thumb2\libc.a(lib_a-memset.o)
 .debug_frame   0x00001c08       0x28 c:/microsemi/softconsole v3.3/sourcery-g++/bin/../lib/gcc/arm-none-eabi/4.4.1/../../../../arm-none-eabi/lib/thumb2\libc.a(lib_a-strncmp.o)
 .debug_frame   0x00001c30       0x34 c:/microsemi/softconsole v3.3/sourcery-g++/bin/../lib/gcc/arm-none-eabi/4.4.1/../../../../arm-none-eabi/lib/thumb2\libm.a(lib_a-w_exp.o)
 .debug_frame   0x00001c64       0x3c c:/microsemi/softconsole v3.3/sourcery-g++/bin/../lib/gcc/arm-none-eabi/4.4.1/../../../../arm-none-eabi/lib/thumb2\libm.a(lib_a-e_exp.o)
 .debug_frame   0x00001ca0       0x20 c:/microsemi/softconsole v3.3/sourcery-g++/bin/../lib/gcc/arm-none-eabi/4.4.1/../../../../arm-none-eabi/lib/thumb2\libm.a(lib_a-s_finite.o)
 .debug_frame   0x00001cc0       0x20 c:/microsemi/softconsole v3.3/sourcery-g++/bin/../lib/gcc/arm-none-eabi/4.4.1/../../../../arm-none-eabi/lib/thumb2\libm.a(lib_a-s_matherr.o)

.debug_str      0x00000000     0x42ca
 *(.debug_str)
 .debug_str     0x00000000     0x12d0 ./main.o
                               0x139c (size before relaxing)
 .debug_str     0x000012d0       0x85 ./motor_control.o
                               0x10dc (size before relaxing)
 .debug_str     0x00001355      0x2c4 ./tfmini.o
                                0xf2c (size before relaxing)
 .debug_str     0x00001619      0x257 C:/Users/aybasha/Downloads/DigitalSixthSenseUpdate/SoftConsole/audio_mss_MSS_CM3_0/audio_mss_MSS_CM3_0_hw_platform/Debug/CMSIS/startup_gcc/newlib_stubs.o
                                0x339 (size before relaxing)
 .debug_str     0x00001870      0x603 C:\Users\aybasha\Downloads\DigitalSixthSenseUpdate\SoftConsole\audio_mss_MSS_CM3_0\audio_mss_MSS_CM3_0_hw_platform\Debug\libaudio_mss_MSS_CM3_0_hw_platform.a(mss_uart.o)
                               0x14ca (size before relaxing)
 .debug_str     0x00001e73      0x38c C:\Users\aybasha\Downloads\DigitalSixthSenseUpdate\SoftConsole\audio_mss_MSS_CM3_0\audio_mss_MSS_CM3_0_hw_platform\Debug\libaudio_mss_MSS_CM3_0_hw_platform.a(mss_i2c.o)
                               0x176a (size before relaxing)
 .debug_str     0x000021ff      0x2df C:\Users\aybasha\Downloads\DigitalSixthSenseUpdate\SoftConsole\audio_mss_MSS_CM3_0\audio_mss_MSS_CM3_0_hw_platform\Debug\libaudio_mss_MSS_CM3_0_hw_platform.a(mss_gpio.o)
                               0x12a2 (size before relaxing)
 .debug_str     0x000024de     0x1018 C:\Users\aybasha\Downloads\DigitalSixthSenseUpdate\SoftConsole\audio_mss_MSS_CM3_0\audio_mss_MSS_CM3_0_hw_platform\Debug\libaudio_mss_MSS_CM3_0_hw_platform.a(mss_ace.o)
                               0x12e8 (size before relaxing)
 .debug_str     0x000034f6      0x13b C:\Users\aybasha\Downloads\DigitalSixthSenseUpdate\SoftConsole\audio_mss_MSS_CM3_0\audio_mss_MSS_CM3_0_hw_platform\Debug\libaudio_mss_MSS_CM3_0_hw_platform.a(core_cm3.o)
                                0x280 (size before relaxing)
 .debug_str     0x00003631       0xf7 C:\Users\aybasha\Downloads\DigitalSixthSenseUpdate\SoftConsole\audio_mss_MSS_CM3_0\audio_mss_MSS_CM3_0_hw_platform\Debug\libaudio_mss_MSS_CM3_0_hw_platform.a(system_a2fxxxm3.o)
                                0x46d (size before relaxing)
 .debug_str     0x00003728      0x1ec C:\Users\aybasha\Downloads\DigitalSixthSenseUpdate\SoftConsole\audio_mss_MSS_CM3_0\audio_mss_MSS_CM3_0_hw_platform\Debug\libaudio_mss_MSS_CM3_0_hw_platform.a(ace_config.o)
                                0x453 (size before relaxing)
 .debug_str     0x00003914      0x32c C:\Users\aybasha\Downloads\DigitalSixthSenseUpdate\SoftConsole\audio_mss_MSS_CM3_0\audio_mss_MSS_CM3_0_hw_platform\Debug\libaudio_mss_MSS_CM3_0_hw_platform.a(ace_convert.o)
                                0xfba (size before relaxing)
 .debug_str     0x00003c40      0x68a C:\Users\aybasha\Downloads\DigitalSixthSenseUpdate\SoftConsole\audio_mss_MSS_CM3_0\audio_mss_MSS_CM3_0_hw_platform\Debug\libaudio_mss_MSS_CM3_0_hw_platform.a(ace_flags.o)
                               0x1308 (size before relaxing)

.debug_loc      0x00000000     0x2e25
 *(.debug_loc)
 .debug_loc     0x00000000       0xa7 ./main.o
 .debug_loc     0x000000a7      0x264 ./motor_control.o
 .debug_loc     0x0000030b       0x6e ./tfmini.o
 .debug_loc     0x00000379      0x3c6 C:/Users/aybasha/Downloads/DigitalSixthSenseUpdate/SoftConsole/audio_mss_MSS_CM3_0/audio_mss_MSS_CM3_0_hw_platform/Debug/CMSIS/startup_gcc/newlib_stubs.o
 .debug_loc     0x0000073f      0x510 C:\Users\aybasha\Downloads\DigitalSixthSenseUpdate\SoftConsole\audio_mss_MSS_CM3_0\audio_mss_MSS_CM3_0_hw_platform\Debug\libaudio_mss_MSS_CM3_0_hw_platform.a(mss_uart.o)
 .debug_loc     0x00000c4f      0x736 C:\Users\aybasha\Downloads\DigitalSixthSenseUpdate\SoftConsole\audio_mss_MSS_CM3_0\audio_mss_MSS_CM3_0_hw_platform\Debug\libaudio_mss_MSS_CM3_0_hw_platform.a(mss_i2c.o)
 .debug_loc     0x00001385      0x1ef C:\Users\aybasha\Downloads\DigitalSixthSenseUpdate\SoftConsole\audio_mss_MSS_CM3_0\audio_mss_MSS_CM3_0_hw_platform\Debug\libaudio_mss_MSS_CM3_0_hw_platform.a(mss_gpio.o)
 .debug_loc     0x00001574      0x53b C:\Users\aybasha\Downloads\DigitalSixthSenseUpdate\SoftConsole\audio_mss_MSS_CM3_0\audio_mss_MSS_CM3_0_hw_platform\Debug\libaudio_mss_MSS_CM3_0_hw_platform.a(mss_ace.o)
 .debug_loc     0x00001aaf      0x3de C:\Users\aybasha\Downloads\DigitalSixthSenseUpdate\SoftConsole\audio_mss_MSS_CM3_0\audio_mss_MSS_CM3_0_hw_platform\Debug\libaudio_mss_MSS_CM3_0_hw_platform.a(core_cm3.o)
 .debug_loc     0x00001e8d       0x99 C:\Users\aybasha\Downloads\DigitalSixthSenseUpdate\SoftConsole\audio_mss_MSS_CM3_0\audio_mss_MSS_CM3_0_hw_platform\Debug\libaudio_mss_MSS_CM3_0_hw_platform.a(system_a2fxxxm3.o)
 .debug_loc     0x00001f26      0x415 C:\Users\aybasha\Downloads\DigitalSixthSenseUpdate\SoftConsole\audio_mss_MSS_CM3_0\audio_mss_MSS_CM3_0_hw_platform\Debug\libaudio_mss_MSS_CM3_0_hw_platform.a(ace_convert.o)
 .debug_loc     0x0000233b      0xaea C:\Users\aybasha\Downloads\DigitalSixthSenseUpdate\SoftConsole\audio_mss_MSS_CM3_0\audio_mss_MSS_CM3_0_hw_platform\Debug\libaudio_mss_MSS_CM3_0_hw_platform.a(ace_flags.o)

.debug_macinfo  0x00000000    0x4e7fe
 *(.debug_macinfo)
 .debug_macinfo
                0x00000000     0xb05f ./main.o
 .debug_macinfo
                0x0000b05f     0x848a ./motor_control.o
 .debug_macinfo
                0x000134e9     0x5d8f ./tfmini.o
 .debug_macinfo
                0x00019278     0x4bf0 C:/Users/aybasha/Downloads/DigitalSixthSenseUpdate/SoftConsole/audio_mss_MSS_CM3_0/audio_mss_MSS_CM3_0_hw_platform/Debug/CMSIS/startup_gcc/newlib_stubs.o
 .debug_macinfo
                0x0001de68     0x63ca C:\Users\aybasha\Downloads\DigitalSixthSenseUpdate\SoftConsole\audio_mss_MSS_CM3_0\audio_mss_MSS_CM3_0_hw_platform\Debug\libaudio_mss_MSS_CM3_0_hw_platform.a(mss_uart.o)
 .debug_macinfo
                0x00024232     0x74ff C:\Users\aybasha\Downloads\DigitalSixthSenseUpdate\SoftConsole\audio_mss_MSS_CM3_0\audio_mss_MSS_CM3_0_hw_platform\Debug\libaudio_mss_MSS_CM3_0_hw_platform.a(mss_i2c.o)
 .debug_macinfo
                0x0002b731     0x5ce1 C:\Users\aybasha\Downloads\DigitalSixthSenseUpdate\SoftConsole\audio_mss_MSS_CM3_0\audio_mss_MSS_CM3_0_hw_platform\Debug\libaudio_mss_MSS_CM3_0_hw_platform.a(mss_gpio.o)
 .debug_macinfo
                0x00031412     0x77dd C:\Users\aybasha\Downloads\DigitalSixthSenseUpdate\SoftConsole\audio_mss_MSS_CM3_0\audio_mss_MSS_CM3_0_hw_platform\Debug\libaudio_mss_MSS_CM3_0_hw_platform.a(mss_ace.o)
 .debug_macinfo
                0x00038bef     0x1512 C:\Users\aybasha\Downloads\DigitalSixthSenseUpdate\SoftConsole\audio_mss_MSS_CM3_0\audio_mss_MSS_CM3_0_hw_platform\Debug\libaudio_mss_MSS_CM3_0_hw_platform.a(core_cm3.o)
 .debug_macinfo
                0x0003a101     0x5a7f C:\Users\aybasha\Downloads\DigitalSixthSenseUpdate\SoftConsole\audio_mss_MSS_CM3_0\audio_mss_MSS_CM3_0_hw_platform\Debug\libaudio_mss_MSS_CM3_0_hw_platform.a(system_a2fxxxm3.o)
 .debug_macinfo
                0x0003fb80     0x18af C:\Users\aybasha\Downloads\DigitalSixthSenseUpdate\SoftConsole\audio_mss_MSS_CM3_0\audio_mss_MSS_CM3_0_hw_platform\Debug\libaudio_mss_MSS_CM3_0_hw_platform.a(ace_config.o)
 .debug_macinfo
                0x0004142f     0x5b7b C:\Users\aybasha\Downloads\DigitalSixthSenseUpdate\SoftConsole\audio_mss_MSS_CM3_0\audio_mss_MSS_CM3_0_hw_platform\Debug\libaudio_mss_MSS_CM3_0_hw_platform.a(ace_convert.o)
 .debug_macinfo
                0x00046faa     0x7854 C:\Users\aybasha\Downloads\DigitalSixthSenseUpdate\SoftConsole\audio_mss_MSS_CM3_0\audio_mss_MSS_CM3_0_hw_platform\Debug\libaudio_mss_MSS_CM3_0_hw_platform.a(ace_flags.o)

.debug_weaknames
 *(.debug_weaknames)

.debug_funcnames
 *(.debug_funcnames)

.debug_typenames
 *(.debug_typenames)

.debug_varnames
 *(.debug_varnames)

.note.gnu.arm.ident
 *(.note.gnu.arm.ident)

.ARM.attributes
                0x00000000       0x25
 *(.ARM.attributes)
 .ARM.attributes
                0x00000000       0x19 c:/microsemi/softconsole v3.3/sourcery-g++/bin/../lib/gcc/arm-none-eabi/4.4.1/thumb2/crti.o
 .ARM.attributes
                0x00000019       0x29 c:/microsemi/softconsole v3.3/sourcery-g++/bin/../lib/gcc/arm-none-eabi/4.4.1/thumb2/crtbegin.o
 .ARM.attributes
                0x00000042       0x31 ./main.o
 .ARM.attributes
                0x00000073       0x31 ./motor_control.o
 .ARM.attributes
                0x000000a4       0x31 ./tfmini.o
 .ARM.attributes
                0x000000d5       0x21 C:/Users/aybasha/Downloads/DigitalSixthSenseUpdate/SoftConsole/audio_mss_MSS_CM3_0/audio_mss_MSS_CM3_0_hw_platform/Debug/CMSIS/startup_gcc/startup_a2fxxxm3.o
 .ARM.attributes
                0x000000f6       0x31 C:/Users/aybasha/Downloads/DigitalSixthSenseUpdate/SoftConsole/audio_mss_MSS_CM3_0/audio_mss_MSS_CM3_0_hw_platform/Debug/CMSIS/startup_gcc/newlib_stubs.o
 .ARM.attributes
                0x00000127       0x31 C:\Users\aybasha\Downloads\DigitalSixthSenseUpdate\SoftConsole\audio_mss_MSS_CM3_0\audio_mss_MSS_CM3_0_hw_platform\Debug\libaudio_mss_MSS_CM3_0_hw_platform.a(mss_uart.o)
 .ARM.attributes
                0x00000158       0x31 C:\Users\aybasha\Downloads\DigitalSixthSenseUpdate\SoftConsole\audio_mss_MSS_CM3_0\audio_mss_MSS_CM3_0_hw_platform\Debug\libaudio_mss_MSS_CM3_0_hw_platform.a(mss_i2c.o)
 .ARM.attributes
                0x00000189       0x31 C:\Users\aybasha\Downloads\DigitalSixthSenseUpdate\SoftConsole\audio_mss_MSS_CM3_0\audio_mss_MSS_CM3_0_hw_platform\Debug\libaudio_mss_MSS_CM3_0_hw_platform.a(mss_gpio.o)
 .ARM.attributes
                0x000001ba       0x31 C:\Users\aybasha\Downloads\DigitalSixthSenseUpdate\SoftConsole\audio_mss_MSS_CM3_0\audio_mss_MSS_CM3_0_hw_platform\Debug\libaudio_mss_MSS_CM3_0_hw_platform.a(mss_ace.o)
 .ARM.attributes
                0x000001eb       0x31 C:\Users\aybasha\Downloads\DigitalSixthSenseUpdate\SoftConsole\audio_mss_MSS_CM3_0\audio_mss_MSS_CM3_0_hw_platform\Debug\libaudio_mss_MSS_CM3_0_hw_platform.a(core_cm3.o)
 .ARM.attributes
                0x0000021c       0x31 C:\Users\aybasha\Downloads\DigitalSixthSenseUpdate\SoftConsole\audio_mss_MSS_CM3_0\audio_mss_MSS_CM3_0_hw_platform\Debug\libaudio_mss_MSS_CM3_0_hw_platform.a(system_a2fxxxm3.o)
 .ARM.attributes
                0x0000024d       0x31 C:\Users\aybasha\Downloads\DigitalSixthSenseUpdate\SoftConsole\audio_mss_MSS_CM3_0\audio_mss_MSS_CM3_0_hw_platform\Debug\libaudio_mss_MSS_CM3_0_hw_platform.a(ace_config.o)
 .ARM.attributes
                0x0000027e       0x31 C:\Users\aybasha\Downloads\DigitalSixthSenseUpdate\SoftConsole\audio_mss_MSS_CM3_0\audio_mss_MSS_CM3_0_hw_platform\Debug\libaudio_mss_MSS_CM3_0_hw_platform.a(ace_convert.o)
 .ARM.attributes
                0x000002af       0x31 C:\Users\aybasha\Downloads\DigitalSixthSenseUpdate\SoftConsole\audio_mss_MSS_CM3_0\audio_mss_MSS_CM3_0_hw_platform\Debug\libaudio_mss_MSS_CM3_0_hw_platform.a(ace_flags.o)
 .ARM.attributes
                0x000002e0       0x1b c:/microsemi/softconsole v3.3/sourcery-g++/bin/../lib/gcc/arm-none-eabi/4.4.1/thumb2\libgcc.a(_arm_addsubdf3.o)
 .ARM.attributes
                0x000002fb       0x1b c:/microsemi/softconsole v3.3/sourcery-g++/bin/../lib/gcc/arm-none-eabi/4.4.1/thumb2\libgcc.a(_arm_muldivdf3.o)
 .ARM.attributes
                0x00000316       0x1b c:/microsemi/softconsole v3.3/sourcery-g++/bin/../lib/gcc/arm-none-eabi/4.4.1/thumb2\libgcc.a(_arm_cmpdf2.o)
 .ARM.attributes
                0x00000331       0x29 c:/microsemi/softconsole v3.3/sourcery-g++/bin/../lib/gcc/arm-none-eabi/4.4.1/../../../../arm-none-eabi/lib/thumb2\libc.a(lib_a-errno.o)
 .ARM.attributes
                0x0000035a       0x29 c:/microsemi/softconsole v3.3/sourcery-g++/bin/../lib/gcc/arm-none-eabi/4.4.1/../../../../arm-none-eabi/lib/thumb2\libc.a(lib_a-impure.o)
 .ARM.attributes
                0x00000383       0x29 c:/microsemi/softconsole v3.3/sourcery-g++/bin/../lib/gcc/arm-none-eabi/4.4.1/../../../../arm-none-eabi/lib/thumb2\libc.a(lib_a-init.o)
 .ARM.attributes
                0x000003ac       0x29 c:/microsemi/softconsole v3.3/sourcery-g++/bin/../lib/gcc/arm-none-eabi/4.4.1/../../../../arm-none-eabi/lib/thumb2\libc.a(lib_a-memset.o)
 .ARM.attributes
                0x000003d5       0x29 c:/microsemi/softconsole v3.3/sourcery-g++/bin/../lib/gcc/arm-none-eabi/4.4.1/../../../../arm-none-eabi/lib/thumb2\libc.a(lib_a-strncmp.o)
 .ARM.attributes
                0x000003fe       0x29 c:/microsemi/softconsole v3.3/sourcery-g++/bin/../lib/gcc/arm-none-eabi/4.4.1/thumb2/crtend.o
 .ARM.attributes
                0x00000427       0x19 c:/microsemi/softconsole v3.3/sourcery-g++/bin/../lib/gcc/arm-none-eabi/4.4.1/thumb2/crtn.o
 .ARM.attributes
                0x00000440       0x29 c:/microsemi/softconsole v3.3/sourcery-g++/bin/../lib/gcc/arm-none-eabi/4.4.1/../../../../arm-none-eabi/lib/thumb2\libm.a(lib_a-w_exp.o)
 .ARM.attributes
                0x00000469       0x29 c:/microsemi/softconsole v3.3/sourcery-g++/bin/../lib/gcc/arm-none-eabi/4.4.1/../../../../arm-none-eabi/lib/thumb2\libm.a(lib_a-e_exp.o)
 .ARM.attributes
                0x00000492       0x29 c:/microsemi/softconsole v3.3/sourcery-g++/bin/../lib/gcc/arm-none-eabi/4.4.1/../../../../arm-none-eabi/lib/thumb2\libm.a(lib_a-s_finite.o)
 .ARM.attributes
                0x000004bb       0x29 c:/microsemi/softconsole v3.3/sourcery-g++/bin/../lib/gcc/arm-none-eabi/4.4.1/../../../../arm-none-eabi/lib/thumb2\libm.a(lib_a-s_lib_ver.o)
 .ARM.attributes
                0x000004e4       0x29 c:/microsemi/softconsole v3.3/sourcery-g++/bin/../lib/gcc/arm-none-eabi/4.4.1/../../../../arm-none-eabi/lib/thumb2\libm.a(lib_a-s_matherr.o)
 .ARM.attributes
                0x0000050d       0x1b c:/microsemi/softconsole v3.3/sourcery-g++/bin/../lib/gcc/arm-none-eabi/4.4.1/thumb2\libgcc.a(_arm_fixdfsi.o)

/DISCARD/
 *(.note.GNU-stack)
OUTPUT(audio_mss_MSS_CM3_0_app elf32-littlearm)

.debug_ranges   0x00000000      0x800
 .debug_ranges  0x00000000       0x28 ./main.o
 .debug_ranges  0x00000028       0x70 ./motor_control.o
 .debug_ranges  0x00000098       0x20 ./tfmini.o
 .debug_ranges  0x000000b8       0xa0 C:/Users/aybasha/Downloads/DigitalSixthSenseUpdate/SoftConsole/audio_mss_MSS_CM3_0/audio_mss_MSS_CM3_0_hw_platform/Debug/CMSIS/startup_gcc/newlib_stubs.o
 .debug_ranges  0x00000158       0xd0 C:\Users\aybasha\Downloads\DigitalSixthSenseUpdate\SoftConsole\audio_mss_MSS_CM3_0\audio_mss_MSS_CM3_0_hw_platform\Debug\libaudio_mss_MSS_CM3_0_hw_platform.a(mss_uart.o)
 .debug_ranges  0x00000228      0x138 C:\Users\aybasha\Downloads\DigitalSixthSenseUpdate\SoftConsole\audio_mss_MSS_CM3_0\audio_mss_MSS_CM3_0_hw_platform\Debug\libaudio_mss_MSS_CM3_0_hw_platform.a(mss_i2c.o)
 .debug_ranges  0x00000360       0x58 C:\Users\aybasha\Downloads\DigitalSixthSenseUpdate\SoftConsole\audio_mss_MSS_CM3_0\audio_mss_MSS_CM3_0_hw_platform\Debug\libaudio_mss_MSS_CM3_0_hw_platform.a(mss_gpio.o)
 .debug_ranges  0x000003b8       0xd8 C:\Users\aybasha\Downloads\DigitalSixthSenseUpdate\SoftConsole\audio_mss_MSS_CM3_0\audio_mss_MSS_CM3_0_hw_platform\Debug\libaudio_mss_MSS_CM3_0_hw_platform.a(mss_ace.o)
 .debug_ranges  0x00000490       0xc0 C:\Users\aybasha\Downloads\DigitalSixthSenseUpdate\SoftConsole\audio_mss_MSS_CM3_0\audio_mss_MSS_CM3_0_hw_platform\Debug\libaudio_mss_MSS_CM3_0_hw_platform.a(core_cm3.o)
 .debug_ranges  0x00000550       0x28 C:\Users\aybasha\Downloads\DigitalSixthSenseUpdate\SoftConsole\audio_mss_MSS_CM3_0\audio_mss_MSS_CM3_0_hw_platform\Debug\libaudio_mss_MSS_CM3_0_hw_platform.a(system_a2fxxxm3.o)
 .debug_ranges  0x00000578       0xa8 C:\Users\aybasha\Downloads\DigitalSixthSenseUpdate\SoftConsole\audio_mss_MSS_CM3_0\audio_mss_MSS_CM3_0_hw_platform\Debug\libaudio_mss_MSS_CM3_0_hw_platform.a(ace_convert.o)
 .debug_ranges  0x00000620      0x1e0 C:\Users\aybasha\Downloads\DigitalSixthSenseUpdate\SoftConsole\audio_mss_MSS_CM3_0\audio_mss_MSS_CM3_0_hw_platform\Debug\libaudio_mss_MSS_CM3_0_hw_platform.a(ace_flags.o)
